<html>
<body>
<pre>
<h1>礦ision Build Log</h1>
<h2>Tool Versions:</h2>
IDE-Version: μVision V5.14.0.0
Copyright (C) 2015 ARM Ltd and ARM Germany GmbH. All rights reserved.
License Information: abc 8613567, abc, LIC=03C6R-KVIPW-Z9HG9-4JDH1-8GH99-I57GT
 
Tool Versions:
Toolchain:       MDK-ARM Standard  Version: 5.14.0.0
Toolchain Path:  D:\MDK5\ARM\ARMCC\Bin
C Compiler:      Armcc.exe V5.05 update 1 (build 106)
Assembler:       Armasm.exe V5.05 update 1 (build 106)
Linker/Locator:  ArmLink.exe V5.05 update 1 (build 106)
Library Manager: ArmAr.exe V5.05 update 1 (build 106)
Hex Converter:   FromElf.exe V5.05 update 1 (build 106)
CPU DLL:         SARMCM3.DLL V5.14.0.0
Dialog DLL:      DCM.DLL V1.13.1.0
Target DLL:      Segger\JL2CM3.dll V2.99.13.0
Dialog DLL:      TCM.DLL V1.14.4.0
 
<h2>Project:</h2>
C:\Users\86135\Desktop\1-1 - 副本\USER\SPI.uvprojx
Project File Date:  05/11/2021

<h2>Output:</h2>
Rebuild target 'SPI'
compiling main.c...
main.c(177): warning:  #177-D: variable "time" was declared but never referenced
        u16 time=30;
main.c(178): warning:  #177-D: variable "c1" was declared but never referenced
        u16 c1=30,c2=30;
main.c(178): warning:  #177-D: variable "c2" was declared but never referenced
        u16 c1=30,c2=30;
main.c(184): warning:  #177-D: variable "multiple" was declared but never referenced
        u16 multiple=500;               // 液晶屏显示时波形的衰减倍数，模拟器衰减80倍，人体衰减250倍    
main.c: 4 warnings, 0 errors
compiling stm32f4xx_it.c...
compiling system_stm32f4xx.c...
compiling led.c...
compiling key.c...
compiling spi.c...
compiling ads1292.c...
compiling exti.c...
compiling myiic.c...
compiling lcd.c...
compiling mpu6050.c...
compiling inv_mpu.c...
compiling inv_mpu_dmp_motion_driver.c...
compiling adc.c...
compiling max30102.c...
compiling algorithm.c...
compiling max_iic.c...
compiling delay.c...
compiling sys.c...
compiling usart.c...
assembling startup_stm32f40_41xxx.s...
compiling misc.c...
compiling stm32f4xx_gpio.c...
compiling stm32f4xx_fsmc.c...
compiling stm32f4xx_rcc.c...
compiling stm32f4xx_spi.c...
compiling stm32f4xx_syscfg.c...
compiling stm32f4xx_usart.c...
compiling stm32f4xx_exti.c...
compiling stm32f4xx_adc.c...
linking...
Program Size: Code=57780 RO-data=11284 RW-data=1856 ZI-data=8672  
FromELF: creating hex file...
"..\OBJ\SPI.axf" - 0 Error(s), 4 Warning(s).

<h2>Collection of Component include folders:</h2>
  C:\Users\86135\Desktop\1-1 - 副本\USER\RTE
  D:\MDK5\ARM\PACK\Keil\STM32F4xx_DFP\1.0.8\Device\Include

<h2>Collection of Component Files used:</h2>
</pre>
</body>
</html>
