Component: ARM Compiler 5.05 update 1 (build 106) Tool: armlink [4d0efa]

==============================================================================

Section Cross References

    main.o(.text) refers to lcd.o(.text) for LCD_Fill
    main.o(.text) refers to delay.o(.text) for delay_ms
    main.o(.text) refers to misc.o(.text) for NVIC_PriorityGroupConfig
    main.o(.text) refers to usart.o(.text) for uart_init
    main.o(.text) refers to max_iic.o(.text) for IIC2_Init
    main.o(.text) refers to led.o(.text) for LED_Init
    main.o(.text) refers to ads1292.o(.text) for ADS1292_Init
    main.o(.text) refers to exti.o(.text) for EXTIX_Init
    main.o(.text) refers to adc.o(.text) for Adc_Init
    main.o(.text) refers to mpu6050.o(.text) for MPU_Init
    main.o(.text) refers to arm_fir_init_f32.o(.text) for arm_fir_init_f32
    main.o(.text) refers to spi.o(.text) for SPI1_ReadWriteByte
    main.o(.text) refers to inv_mpu.o(.text) for mpu_dmp_init
    main.o(.text) refers to inv_mpu_dmp_motion_driver.o(.text) for dmp_set_pedometer_step_count
    main.o(.text) refers to max30102.o(.text) for maxim_max30102_reset
    main.o(.text) refers to printfa.o(i.__0printf) for __2printf
    main.o(.text) refers to algorithm.o(.text) for maxim_heart_rate_and_oxygen_saturation
    main.o(.text) refers to arm_fir_f32.o(.text) for arm_fir_f32
    main.o(.text) refers to f2d.o(.text) for __aeabi_f2d
    main.o(.text) refers to lcd.o(.data) for POINT_COLOR
    main.o(.text) refers to main.o(.data) for s
    main.o(.text) refers to main.o(.constdata) for .constdata
    main.o(.text) refers to main.o(.bss) for firState1
    system_stm32f4xx.o(.text) refers to system_stm32f4xx.o(.data) for SystemCoreClock
    led.o(.text) refers to stm32f4xx_rcc.o(.text) for RCC_AHB1PeriphClockCmd
    led.o(.text) refers to stm32f4xx_gpio.o(.text) for GPIO_Init
    key.o(.text) refers to stm32f4xx_rcc.o(.text) for RCC_AHB1PeriphClockCmd
    key.o(.text) refers to stm32f4xx_gpio.o(.text) for GPIO_Init
    key.o(.text) refers to delay.o(.text) for delay_ms
    key.o(.text) refers to key.o(.data) for key_up
    spi.o(.text) refers to stm32f4xx_spi.o(.text) for SPI_I2S_GetFlagStatus
    spi.o(.text) refers to stm32f4xx_rcc.o(.text) for RCC_AHB1PeriphClockCmd
    spi.o(.text) refers to stm32f4xx_gpio.o(.text) for GPIO_Init
    ads1292.o(.text) refers to stm32f4xx_rcc.o(.text) for RCC_AHB1PeriphClockCmd
    ads1292.o(.text) refers to stm32f4xx_gpio.o(.text) for GPIO_Init
    ads1292.o(.text) refers to spi.o(.text) for SPI1_Init
    ads1292.o(.text) refers to delay.o(.text) for delay_us
    exti.o(.text) refers to stm32f4xx_rcc.o(.text) for RCC_APB2PeriphClockCmd
    exti.o(.text) refers to stm32f4xx_syscfg.o(.text) for SYSCFG_EXTILineConfig
    exti.o(.text) refers to stm32f4xx_exti.o(.text) for EXTI_Init
    exti.o(.text) refers to misc.o(.text) for NVIC_Init
    exti.o(.text) refers to spi.o(.text) for SPI1_ReadWriteByte
    exti.o(.text) refers to main.o(.data) for ch1_data
    myiic.o(.text) refers to stm32f4xx_rcc.o(.text) for RCC_AHB1PeriphClockCmd
    myiic.o(.text) refers to stm32f4xx_gpio.o(.text) for GPIO_Init
    myiic.o(.text) refers to delay.o(.text) for delay_us
    lcd.o(.text) refers to delay.o(.text) for delay_us
    lcd.o(.text) refers to lcd.o(.bss) for lcddev
    lcd.o(.text) refers to lcd.o(.data) for POINT_COLOR
    lcd.o(.text) refers to dfltui.o(.text) for __aeabi_ui2d
    lcd.o(.text) refers to dmul.o(.text) for __aeabi_dmul
    lcd.o(.text) refers to dfixui.o(.text) for __aeabi_d2uiz
    lcd.o(.text) refers to stm32f4xx_rcc.o(.text) for RCC_AHB1PeriphClockCmd
    lcd.o(.text) refers to stm32f4xx_gpio.o(.text) for GPIO_Init
    lcd.o(.text) refers to stm32f4xx_fsmc.o(.text) for FSMC_NORSRAMInit
    lcd.o(.text) refers to printfa.o(i.__0printf) for __2printf
    lcd.o(.text) refers to lcd.o(.constdata) for asc2_1206
    mpu6050.o(.text) refers to myiic.o(.text) for IIC_Start
    mpu6050.o(.text) refers to delay.o(.text) for delay_ms
    mpu6050.o(.text) refers to dflti.o(.text) for __aeabi_i2d
    mpu6050.o(.text) refers to ddiv.o(.text) for __aeabi_ddiv
    mpu6050.o(.text) refers to dadd.o(.text) for __aeabi_dadd
    mpu6050.o(.text) refers to d2f.o(.text) for __aeabi_d2f
    inv_mpu.o(.text) refers to mpu6050.o(.text) for MPU_Write_Len
    inv_mpu.o(.text) refers to printfa.o(i.__0printf) for __2printf
    inv_mpu.o(.text) refers to delay.o(.text) for delay_ms
    inv_mpu.o(.text) refers to inv_mpu.o(.data) for st
    inv_mpu.o(.text) refers to inv_mpu.o(.conststring) for .conststring
    inv_mpu.o(.text) refers to inv_mpu.o(.constdata) for test
    inv_mpu.o(.text) refers to ldiv.o(.text) for __aeabi_ldivmod
    inv_mpu.o(.text) refers to memcmp.o(.text) for memcmp
    inv_mpu.o(.text) refers to inv_mpu_dmp_motion_driver.o(.text) for dmp_set_gyro_bias
    inv_mpu.o(.text) refers to myiic.o(.text) for IIC_Init
    inv_mpu.o(.text) refers to f2d.o(.text) for __aeabi_f2d
[...]
    .text                                    0x0800019c   Section        0  main.o(.text)
    .text                                    0x08000988   Section        0  stm32f4xx_it.o(.text)
    .text                                    0x080009a4   Section        0  system_stm32f4xx.o(.text)
    SetSysClock                              0x080009a5   Thumb Code   220  system_stm32f4xx.o(.text)
    .text                                    0x08000bb4   Section        0  led.o(.text)
    .text                                    0x08000bf4   Section        0  spi.o(.text)
    .text                                    0x08000d18   Section        0  ads1292.o(.text)
    .text                                    0x08000f74   Section        0  exti.o(.text)
    .text                                    0x0800107c   Section        0  myiic.o(.text)
    .text                                    0x080012d8   Section        0  lcd.o(.text)
    .text                                    0x08005f58   Section        0  mpu6050.o(.text)
    .text                                    0x080062dc   Section        0  inv_mpu.o(.text)
    set_int_enable                           0x080062dd   Thumb Code   138  inv_mpu.o(.text)
    get_accel_prod_shift                     0x08007559   Thumb Code   190  inv_mpu.o(.text)
    accel_self_test                          0x08007617   Thumb Code   182  inv_mpu.o(.text)
    gyro_self_test                           0x080076cd   Thumb Code   286  inv_mpu.o(.text)
    get_st_biases                            0x080077eb   Thumb Code  1138  inv_mpu.o(.text)
    .text                                    0x0800859c   Section        0  inv_mpu_dmp_motion_driver.o(.text)
    decode_gesture                           0x08009071   Thumb Code    94  inv_mpu_dmp_motion_driver.o(.text)
    .text                                    0x0800932c   Section        0  adc.o(.text)
    .text                                    0x080095f4   Section        0  max30102.o(.text)
    .text                                    0x08009870   Section        0  algorithm.o(.text)
    .text                                    0x08009f14   Section        0  max_iic.o(.text)
    .text                                    0x0800a184   Section        0  delay.o(.text)
    .text                                    0x0800a288   Section        0  usart.o(.text)
    .text                                    0x0800a3d0   Section       36  startup_stm32f40_41xxx.o(.text)
    $v0                                      0x0800a3d0   Number         0  startup_stm32f40_41xxx.o(.text)
    .text                                    0x0800a3f4   Section        0  misc.o(.text)
    .text                                    0x0800a4d4   Section        0  stm32f4xx_gpio.o(.text)
    .text                                    0x0800a768   Section        0  stm32f4xx_fsmc.o(.text)
    .text                                    0x0800ad30   Section        0  stm32f4xx_rcc.o(.text)
    .text                                    0x0800b38c   Section        0  stm32f4xx_spi.o(.text)
    .text                                    0x0800b80c   Section        0  stm32f4xx_syscfg.o(.text)
    .text                                    0x0800b8a0   Section        0  stm32f4xx_usart.o(.text)
    .text                                    0x0800bcf4   Section        0  stm32f4xx_exti.o(.text)
    .text                                    0x0800be04   Section        0  stm32f4xx_adc.o(.text)
    .text                                    0x0800c268   Section        0  arm_fir_f32.o(.text)
    .text                                    0x0800c79a   Section        0  arm_fir_init_f32.o(.text)
    .text                                    0x0800c7b6   Section        0  ldiv.o(.text)
    .text                                    0x0800c818   Section        0  memseta.o(.text)
    .text                                    0x0800c83c   Section        0  memcmp.o(.text)
    .text                                    0x0800c856   Section        0  dadd.o(.text)
    .text                                    0x0800c9a4   Section        0  dmul.o(.text)
    .text                                    0x0800ca88   Section        0  ddiv.o(.text)
    .text                                    0x0800cb66   Section        0  dflti.o(.text)
    .text                                    0x0800cb88   Section        0  dfltui.o(.text)
    .text                                    0x0800cba2   Section        0  dfixi.o(.text)
    .text                                    0x0800cbe0   Section        0  dfixui.o(.text)
    .text                                    0x0800cc12   Section        0  f2d.o(.text)
    .text                                    0x0800cc38   Section        0  d2f.o(.text)
    .text                                    0x0800cc70   Section        0  uidiv.o(.text)
    .text                                    0x0800cc9c   Section        0  uldiv.o(.text)
    .text                                    0x0800ccfe   Section        0  llshl.o(.text)
    .text                                    0x0800cd1c   Section        0  llushr.o(.text)
    .text                                    0x0800cd3c   Section        0  llsshr.o(.text)
    .text                                    0x0800cd60   Section        0  fepilogue.o(.text)
    .text                                    0x0800cd60   Section        0  iusefp.o(.text)
    .text                                    0x0800cdce   Section        0  depilogue.o(.text)
    .text                                    0x0800ce88   Section        0  dfixul.o(.text)
    .text                                    0x0800ceb8   Section       48  cdrcmple.o(.text)
    .text                                    0x0800cee8   Section       36  init.o(.text)
    .text                                    0x0800cf0c   Section        0  dsqrt.o(.text)
    .text                                    0x0800cfae   Section        0  __dclz77c.o(.text)
    i.__0printf                              0x0800d00c   Section        0  printfa.o(i.__0printf)
    i.__ARM_fpclassify                       0x0800d02c   Section        0  fpclassify.o(i.__ARM_fpclassify)
    i.__hardfp_asin                          0x0800d060   Section        0  asin.o(i.__hardfp_asin)
    i.__hardfp_atan                          0x0800d3c0   Section        0  atan.o(i.__hardfp_atan)
    i.__hardfp_atan2                         0x0800d698   Section        0  atan2.o(i.__hardfp_atan2)
    i.__kernel_poly                          0x0800d888   Section        0  poly.o(i.__kernel_poly)
    i.__mathlib_dbl_infnan                   0x0800d980   Section        0  dunder.o(i.__mathlib_dbl_infnan)
    i.__mathlib_dbl_infnan2                  0x0800d994   Section        0  dunder.o(i.__mathlib_dbl_infnan2)
    i.__mathlib_dbl_invalid                  0x0800d9a8   Section        0  dunder.o(i.__mathlib_dbl_invalid)
    i.__mathlib_dbl_underflow                0x0800d9c8   Section        0  dunder.o(i.__mathlib_dbl_underflow)
    i.__scatterload_copy                     0x0800d9e8   Section       14  handlers.o(i.__scatterload_copy)
    i.__scatterload_null                     0x0800d9f6   Section        2  handlers.o(i.__scatterload_null)
    i.__scatterload_zeroinit                 0x0800d9f8   Section       14  handlers.o(i.__scatterload_zeroinit)
    i.__set_errno                            0x0800da08   Section        0  errno.o(i.__set_errno)
    i._fp_digits                             0x0800da14   Section        0  printfa.o(i._fp_digits)
    _fp_digits                               0x0800da15   Thumb Code   334  printfa.o(i._fp_digits)
    i._printf_core                           0x0800db78   Section        0  printfa.o(i._printf_core)
    _printf_core                             0x0800db79   Thumb Code  1744  printfa.o(i._printf_core)
    i._printf_post_padding                   0x0800e254   Section        0  printfa.o(i._printf_post_padding)
    _printf_post_padding                     0x0800e255   Thumb Code    36  printfa.o(i._printf_post_padding)
    i._printf_pre_padding                    0x0800e278   Section        0  printfa.o(i._printf_pre_padding)
    _printf_pre_padding                      0x0800e279   Thumb Code    46  printfa.o(i._printf_pre_padding)
    i.atan                                   0x0800e2a6   Section        0  atan.o(i.atan)
    i.fabs                                   0x0800e2b6   Section        0  fabs.o(i.fabs)
    i.sqrt                                   0x0800e2ce   Section        0  sqrt_full.o(i.sqrt)
    .constdata                               0x0800e33c   Section     1040  main.o(.constdata)
    .constdata                               0x0800e74c   Section     6080  lcd.o(.constdata)
    .constdata                               0x0800ff0c   Section       80  inv_mpu.o(.constdata)
    .constdata                               0x0800ff5c   Section     3062  inv_mpu_dmp_motion_driver.o(.constdata)
    dmp_memory                               0x0800ff5c   Data        3062  inv_mpu_dmp_motion_driver.o(.constdata)
    .constdata                               0x08010b52   Section      246  algorithm.o(.constdata)
    .constdata                               0x08010c48   Section       28  stm32f4xx_fsmc.o(.constdata)
    .constdata                               0x08010c68   Section       80  asin.o(.constdata)
    pS                                       0x08010c68   Data          48  asin.o(.constdata)
    qS                                       0x08010c98   Data          32  asin.o(.constdata)
    .constdata                               0x08010cb8   Section      152  atan.o(.constdata)
    atanhi                                   0x08010cb8   Data          32  atan.o(.constdata)
    atanlo                                   0x08010cd8   Data          32  atan.o(.constdata)
    aTodd                                    0x08010cf8   Data          40  atan.o(.constdata)
    aTeven                                   0x08010d20   Data          48  atan.o(.constdata)
    .constdata                               0x08010d50   Section        8  qnan.o(.constdata)
    .conststring                             0x08010d58   Section       77  inv_mpu.o(.conststring)
    .data                                    0x20000000   Section     1744  main.o(.data)
    .data                                    0x200006d0   Section       20  system_stm32f4xx.o(.data)
    .data                                    0x200006e4   Section        4  lcd.o(.data)
    .data                                    0x200006e8   Section       53  inv_mpu.o(.data)
    st                                       0x200006e8   Data          44  inv_mpu.o(.data)
    gyro_orientation                         0x20000714   Data           9  inv_mpu.o(.data)
    .data                                    0x2000071e   Section        4  delay.o(.data)
    fac_us                                   0x2000071e   Data           1  delay.o(.data)
    fac_ms                                   0x20000720   Data           2  delay.o(.data)
    .data                                    0x20000724   Section        6  usart.o(.data)
    .data                                    0x2000072a   Section       16  stm32f4xx_rcc.o(.data)
    APBAHBPrescTable                         0x2000072a   Data          16  stm32f4xx_rcc.o(.data)
    .data                                    0x2000073c   Section        4  errno.o(.data)
    _errno                                   0x2000073c   Data           4  errno.o(.data)
    .bss                                     0x20000740   Section     1432  main.o(.bss)
    .bss                                     0x20000cd8   Section       14  lcd.o(.bss)
    .bss                                     0x20000ce8   Section       16  inv_mpu_dmp_motion_driver.o(.bss)
    dmp                                      0x20000ce8   Data          16  inv_mpu_dmp_motion_driver.o(.bss)
    .bss                                     0x20000cf8   Section     5984  algorithm.o(.bss)
    an_dx                                    0x20000cf8   Data        1984  algorithm.o(.bss)
    an_x                                     0x200014b8   Data        2000  algorithm.o(.bss)
    an_y                                     0x20001c88   Data        2000  algorithm.o(.bss)
    .bss                                     0x20002458   Section      200  usart.o(.bss)
    STACK                                    0x20002520   Section     1024  startup_stm32f40_41xxx.o(STACK)

    Global Symbols

    Symbol Name                              Value     Ov Type        Size  Object(Section)

    BuildAttributes$$THM_ISAv4$E$P$D$K$B$S$7EM$VFPi3$EXTD16$VFPS$VFMA$PE$A:L22UL41UL21$X:L11$S22US41US21$IEEE1$IW$USESV6$~STKCKD$USESV7$~SHL$OTIME$ROPI$IEEEX$EBA8$MICROLIB$REQ8$PRES8$EABIv2 0x00000000   Number         0  anon$$obj.o ABSOLUTE
    __ARM_use_no_argv                        0x00000000   Number         0  main.o ABSOLUTE
    __use_no_errno                           0x00000000   Number         0  useno.o ABSOLUTE
    __use_no_exception_handling              0x00000000   Number         0  useno.o ABSOLUTE
    __use_no_fp                              0x00000000   Number         0  useno.o ABSOLUTE
    __use_no_heap                            0x00000000   Number         0  useno.o ABSOLUTE
    __use_no_heap_region                     0x00000000   Number         0  useno.o ABSOLUTE
    __use_no_semihosting                     0x00000000   Number         0  useno.o ABSOLUTE
    __use_no_semihosting_swi                 0x00000000   Number         0  useno.o ABSOLUTE
    __use_no_signal_handling                 0x00000000   Number         0  useno.o ABSOLUTE
    _printf_a                                0x00000000   Number         0  stubs.o ABSOLUTE
    _printf_c                                0x00000000   Number         0  stubs.o ABSOLUTE
    _printf_charcount                        0x00000000   Number         0  stubs.o ABSOLUTE
    _printf_d                                0x00000000   Number         0  stubs.o ABSOLUTE
    _printf_e                                0x00000000   Number         0  stubs.o ABSOLUTE
    _printf_f                                0x00000000   Number         0  stubs.o ABSOLUTE
    _printf_flags                            0x00000000   Number         0  stubs.o ABSOLUTE
    _printf_fp_dec                           0x00000000   Number         0  stubs.o ABSOLUTE
    _printf_fp_hex                           0x00000000   Number         0  stubs.o ABSOLUTE
    _printf_g                                0x00000000   Number         0  stubs.o ABSOLUTE
    _printf_i                                0x00000000   Number         0  stubs.o ABSOLUTE
    _printf_int_dec                          0x00000000   Number         0  stubs.o ABSOLUTE
    _printf_l                                0x00000000   Number         0  stubs.o ABSOLUTE
    _printf_lc                               0x00000000   Number         0  stubs.o ABSOLUTE
    _printf_ll                               0x00000000   Number         0  stubs.o ABSOLUTE
    _printf_lld                              0x00000000   Number         0  stubs.o ABSOLUTE
    _printf_lli                              0x00000000   Number         0  stubs.o ABSOLUTE
    _printf_llo                              0x00000000   Number         0  stubs.o ABSOLUTE
    _printf_llu                              0x00000000   Number         0  stubs.o ABSOLUTE
    _printf_llx                              0x00000000   Number         0  stubs.o ABSOLUTE
    _printf_longlong_dec                     0x00000000   Number         0  stubs.o ABSOLUTE
    _printf_longlong_hex                     0x00000000   Number         0  stubs.o ABSOLUTE
    _printf_longlong_oct                     0x00000000   Number         0  stubs.o ABSOLUTE
    _printf_ls                               0x00000000   Number         0  stubs.o ABSOLUTE
    _printf_mbtowc                           0x00000000   Number         0  stubs.o ABSOLUTE
    _printf_n                                0x00000000   Number         0  stubs.o ABSOLUTE
    _printf_o                                0x00000000   Number         0  stubs.o ABSOLUTE
    _printf_p                                0x00000000   Number         0  stubs.o ABSOLUTE
    _printf_percent                          0x00000000   Number         0  stubs.o ABSOLUTE
    _printf_pre_padding                      0x00000000   Number         0  stubs.o ABSOLUTE
    _printf_return_value                     0x00000000   Number         0  stubs.o ABSOLUTE
    _printf_s                                0x00000000   Number         0  stubs.o ABSOLUTE
    _printf_sizespec                         0x00000000   Number         0  stubs.o ABSOLUTE
    _printf_str                              0x00000000   Number         0  stubs.o ABSOLUTE
    _printf_truncate_signed                  0x00000000   Number         0  stubs.o ABSOLUTE
    _printf_truncate_unsigned                0x00000000   Number         0  stubs.o ABSOLUTE
    _printf_u                                0x00000000   Number         0  stubs.o ABSOLUTE
    _printf_wc                               0x00000000   Number         0  stubs.o ABSOLUTE
    _printf_wctomb                           0x00000000   Number         0  stubs.o ABSOLUTE
    _printf_widthprec                        0x00000000   Number         0  stubs.o ABSOLUTE
    _printf_x                                0x00000000   Number         0  stubs.o ABSOLUTE
    __cpp_initialize__aeabi_                  - Undefined Weak Reference
    __cxa_finalize                            - Undefined Weak Reference
    _clock_init                               - Undefined Weak Reference
    _microlib_exit                            - Undefined Weak Reference
    __Vectors_Size                           0x00000188   Number         0  startup_stm32f40_41xxx.o ABSOLUTE
    __Vectors                                0x08000000   Data           4  startup_stm32f40_41xxx.o(RESET)
    __Vectors_End                            0x08000188   Data           0  startup_stm32f40_41xxx.o(RESET)
    __main                                   0x08000189   Thumb Code     0  entry.o(.ARM.Collect$$$$00000000)
    _main_stk                                0x08000189   Thumb Code     0  entry2.o(.ARM.Collect$$$$00000001)
    _main_scatterload                        0x0800018d   Thumb Code     0  entry5.o(.ARM.Collect$$$$00000004)
    __main_after_scatterload                 0x08000191   Thumb Code     0  entry5.o(.ARM.Collect$$$$00000004)
    _main_clock                              0x08000191   Thumb Code     0  entry7b.o(.ARM.Collect$$$$00000008)
    _main_cpp_init                           0x08000191   Thumb Code     0  entry8b.o(.ARM.Collect$$$$0000000A)
    _main_init                               0x08000191   Thumb Code     0  entry9a.o(.ARM.Collect$$$$0000000B)
    __rt_final_cpp                           0x08000199   Thumb Code     0  entry10a.o(.ARM.Collect$$$$0000000D)
    __rt_final_exit                          0x08000199   Thumb Code     0  entry11a.o(.ARM.Collect$$$$0000000F)
    Drawinterface                            0x0800019d   Thumb Code   172  main.o(.text)
    main                                     0x08000249   Thumb Code  1742  main.o(.text)
    NMI_Handler                              0x08000989   Thumb Code     2  stm32f4xx_it.o(.text)
    HardFault_Handler                        0x0800098b   Thumb Code     4  stm32f4xx_it.o(.text)
    MemManage_Handler                        0x0800098f   Thumb Code     4  stm32f4xx_it.o(.text)
    BusFault_Handler                         0x08000993   Thumb Code     4  stm32f4xx_it.o(.text)
    UsageFault_Handler                       0x08000997   Thumb Code     4  stm32f4xx_it.o(.text)
    SVC_Handler                              0x0800099b   Thumb Code     2  stm32f4xx_it.o(.text)
    DebugMon_Handler                         0x0800099d   Thumb Code     2  stm32f4xx_it.o(.text)
    PendSV_Handler                           0x0800099f   Thumb Code     2  stm32f4xx_it.o(.text)
    SysTick_Handler                          0x080009a1   Thumb Code     2  stm32f4xx_it.o(.text)
    SystemInit                               0x08000a81   Thumb Code    88  system_stm32f4xx.o(.text)
    SystemCoreClockUpdate                    0x08000ad9   Thumb Code   174  system_stm32f4xx.o(.text)
    LED_Init                                 0x08000bb5   Thumb Code    60  led.o(.text)
    SPI1_ReadWriteByte                       0x08000bf5   Thumb Code    50  spi.o(.text)
    SPI1_Init                                0x08000c27   Thumb Code   184  spi.o(.text)
    SPI1_SetSpeed                            0x08000cdf   Thumb Code    36  spi.o(.text)
    SPI1_ReadByte                            0x08000d03   Thumb Code    12  spi.o(.text)
    ADS1292_Init                             0x08000d19   Thumb Code    86  ads1292.o(.text)
    ADS1292_Write_Reg                        0x08000d6f   Thumb Code    58  ads1292.o(.text)
    ADS1292_PowerOnInit                      0x08000da9   Thumb Code   272  ads1292.o(.text)
    ADS1292_Read_Reg                         0x08000eb9   Thumb Code    58  ads1292.o(.text)
    ADS1292_Read_Data                        0x08000ef3   Thumb Code   114  ads1292.o(.text)
    EXTIX_Init                               0x08000f75   Thumb Code    80  exti.o(.text)
    GPIO_EXTI_Callback                       0x08000fc5   Thumb Code   146  exti.o(.text)
    EXTI9_5_IRQHandler                       0x08001057   Thumb Code    20  exti.o(.text)
    IIC_Init                                 0x0800107d   Thumb Code    62  myiic.o(.text)
    IIC_Start                                0x080010bb   Thumb Code    68  myiic.o(.text)
    IIC_Stop                                 0x080010ff   Thumb Code    62  myiic.o(.text)
    IIC_Wait_Ack                             0x0800113d   Thumb Code    82  myiic.o(.text)
    IIC_Ack                                  0x0800118f   Thumb Code    66  myiic.o(.text)
    IIC_NAck                                 0x080011d1   Thumb Code    66  myiic.o(.text)
    IIC_Send_Byte                            0x08001213   Thumb Code    90  myiic.o(.text)
    IIC_Read_Byte                            0x0800126d   Thumb Code    94  myiic.o(.text)
    LCD_WR_REG                               0x080012d9   Thumb Code    18  lcd.o(.text)
    LCD_WR_DATA                              0x080012eb   Thumb Code    20  lcd.o(.text)
    LCD_RD_DATA                              0x080012ff   Thumb Code    16  lcd.o(.text)
    LCD_WriteReg                             0x0800130f   Thumb Code    14  lcd.o(.text)
    LCD_ReadReg                              0x0800131d   Thumb Code    22  lcd.o(.text)
    LCD_WriteRAM_Prepare                     0x08001333   Thumb Code    10  lcd.o(.text)
    LCD_WriteRAM                             0x0800133d   Thumb Code     8  lcd.o(.text)
    LCD_BGR2RGB                              0x08001345   Thumb Code    26  lcd.o(.text)
    opt_delay                                0x0800135f   Thumb Code    14  lcd.o(.text)
    LCD_SetCursor                            0x0800136d   Thumb Code   418  lcd.o(.text)
    LCD_ReadPoint                            0x0800150f   Thumb Code   360  lcd.o(.text)
    LCD_DisplayOn                            0x08001677   Thumb Code   102  lcd.o(.text)
    LCD_DisplayOff                           0x080016dd   Thumb Code    90  lcd.o(.text)
    LCD_Scan_Dir                             0x08001737   Thumb Code   744  lcd.o(.text)
    LCD_DrawPoint                            0x08001a1f   Thumb Code    28  lcd.o(.text)
    LCD_Fast_DrawPoint                       0x08001a3b   Thumb Code   388  lcd.o(.text)
    LCD_SSD_BackLightSet                     0x08001bbf   Thumb Code    88  lcd.o(.text)
    LCD_Display_Dir                          0x08001c17   Thumb Code   444  lcd.o(.text)
    LCD_Set_Window                           0x08001dd3   Thumb Code   546  lcd.o(.text)
    LCD_Clear                                0x08001ff5   Thumb Code   100  lcd.o(.text)
    LCD_Init                                 0x08002059   Thumb Code 14696  lcd.o(.text)
    LCD_Fill                                 0x080059c1   Thumb Code   180  lcd.o(.text)
    LCD_Color_Fill                           0x08005a75   Thumb Code   100  lcd.o(.text)
    LCD_DrawLine                             0x08005ad9   Thumb Code   176  lcd.o(.text)
    LCD_DrawRectangle                        0x08005b89   Thumb Code    60  lcd.o(.text)
    LCD_Draw_Circle                          0x08005bc5   Thumb Code   152  lcd.o(.text)
    LCD_ShowChar                             0x08005c5d   Thumb Code   272  lcd.o(.text)
    LCD_Pow                                  0x08005d6d   Thumb Code    22  lcd.o(.text)
    LCD_ShowNum                              0x08005d83   Thumb Code   148  lcd.o(.text)
    LCD_ShowxNum                             0x08005e17   Thumb Code   220  lcd.o(.text)
    LCD_ShowString                           0x08005ef3   Thumb Code   102  lcd.o(.text)
    MPU_Write_Byte                           0x08005f59   Thumb Code    68  mpu6050.o(.text)
    MPU_Set_LPF                              0x08005f9d   Thumb Code    58  mpu6050.o(.text)
    MPU_Set_Rate                             0x08005fd7   Thumb Code    58  mpu6050.o(.text)
    MPU_Read_Byte                            0x08006011   Thumb Code    58  mpu6050.o(.text)
    MPU_Set_Accel_Fsr                        0x0800604b   Thumb Code    16  mpu6050.o(.text)
    MPU_Set_Gyro_Fsr                         0x0800605b   Thumb Code    16  mpu6050.o(.text)
    MPU_Init                                 0x0800606b   Thumb Code   122  mpu6050.o(.text)
    MPU_Read_Len                             0x080060e5   Thumb Code   116  mpu6050.o(.text)
    MPU_Get_Temperature                      0x08006159   Thumb Code   110  mpu6050.o(.text)
    MPU_Get_Gyroscope                        0x080061c7   Thumb Code    80  mpu6050.o(.text)
    MPU_Get_Accelerometer                    0x08006217   Thumb Code    80  mpu6050.o(.text)
    MPU_Write_Len                            0x08006267   Thumb Code    96  mpu6050.o(.text)
    mpu_reg_dump                             0x08006367   Thumb Code    84  inv_mpu.o(.text)
    mpu_read_reg                             0x080063bb   Thumb Code    66  inv_mpu.o(.text)
    mpu_set_int_latched                      0x080063fd   Thumb Code   102  inv_mpu.o(.text)
    mpu_set_sensors                          0x08006463   Thumb Code   202  inv_mpu.o(.text)
    mpu_set_bypass                           0x0800652d   Thumb Code   328  inv_mpu.o(.text)
    mpu_reset_fifo                           0x08006675   Thumb Code   472  inv_mpu.o(.text)
    mpu_configure_fifo                       0x0800684d   Thumb Code   106  inv_mpu.o(.text)
    mpu_set_lpf                              0x080068b7   Thumb Code   126  inv_mpu.o(.text)
    mpu_lp_accel_mode                        0x08006935   Thumb Code   218  inv_mpu.o(.text)
    mpu_set_sample_rate                      0x08006a0f   Thumb Code   152  inv_mpu.o(.text)
    mpu_set_accel_fsr                        0x08006aa7   Thumb Code   132  inv_mpu.o(.text)
    mpu_set_gyro_fsr                         0x08006b2b   Thumb Code   132  inv_mpu.o(.text)
    mpu_init                                 0x08006baf   Thumb Code   416  inv_mpu.o(.text)
    mget_ms                                  0x08006d4f   Thumb Code     2  inv_mpu.o(.text)
    mpu_get_gyro_reg                         0x08006d51   Thumb Code   110  inv_mpu.o(.text)
    mpu_get_accel_reg                        0x08006dbf   Thumb Code   110  inv_mpu.o(.text)
    mpu_get_temperature                      0x08006e2d   Thumb Code   142  inv_mpu.o(.text)
    mpu_set_accel_bias                       0x08006ebb   Thumb Code   472  inv_mpu.o(.text)
    mpu_get_gyro_fsr                         0x08007093   Thumb Code    64  inv_mpu.o(.text)
    mpu_get_accel_fsr                        0x080070d3   Thumb Code    72  inv_mpu.o(.text)
    mpu_get_lpf                              0x0800711b   Thumb Code    74  inv_mpu.o(.text)
    mpu_get_sample_rate                      0x08007165   Thumb Code    26  inv_mpu.o(.text)
    mpu_get_compass_sample_rate              0x0800717f   Thumb Code    10  inv_mpu.o(.text)
    mpu_set_compass_sample_rate              0x08007189   Thumb Code     8  inv_mpu.o(.text)
    mpu_get_gyro_sens                        0x08007191   Thumb Code    74  inv_mpu.o(.text)
    mpu_get_accel_sens                       0x080071db   Thumb Code    78  inv_mpu.o(.text)
    mpu_get_fifo_config                      0x08007229   Thumb Code    12  inv_mpu.o(.text)
    mpu_get_power_state                      0x08007235   Thumb Code    22  inv_mpu.o(.text)
    mpu_get_int_status                       0x0800724b   Thumb Code    64  inv_mpu.o(.text)
    mpu_read_fifo                            0x0800728b   Thumb Code   520  inv_mpu.o(.text)
    mpu_read_fifo_stream                     0x08007493   Thumb Code   186  inv_mpu.o(.text)
    mpu_set_int_level                        0x0800754d   Thumb Code    12  inv_mpu.o(.text)
    mpu_set_dmp_state                        0x08007c5d   Thumb Code   138  inv_mpu.o(.text)
    mpu_run_self_test                        0x08007ce7   Thumb Code   278  inv_mpu.o(.text)
    mpu_write_mem                            0x08007dfd   Thumb Code   122  inv_mpu.o(.text)
    mpu_read_mem                             0x08007e77   Thumb Code   122  inv_mpu.o(.text)
    mpu_load_firmware                        0x08007ef1   Thumb Code   190  inv_mpu.o(.text)
    mpu_get_dmp_state                        0x08007faf   Thumb Code    14  inv_mpu.o(.text)
    setup_compass                            0x08007fbd   Thumb Code     6  inv_mpu.o(.text)
    mpu_get_compass_reg                      0x08007fc3   Thumb Code     8  inv_mpu.o(.text)
    mpu_get_compass_fsr                      0x08007fcb   Thumb Code     8  inv_mpu.o(.text)
    mpu_lp_motion_interrupt                  0x08007fd3   Thumb Code   512  inv_mpu.o(.text)
    run_self_test                            0x080081d3   Thumb Code   154  inv_mpu.o(.text)
    inv_row_2_scale                          0x0800826d   Thumb Code    78  inv_mpu.o(.text)
    inv_orientation_matrix_to_scalar         0x080082bb   Thumb Code    40  inv_mpu.o(.text)
    mpu_dmp_init                             0x080082e3   Thumb Code   160  inv_mpu.o(.text)
    mpu_dmp_get_data                         0x08008383   Thumb Code   520  inv_mpu.o(.text)
    dmp_load_motion_driver_firmware          0x0800859d   Thumb Code    20  inv_mpu_dmp_motion_driver.o(.text)
    dmp_set_orientation                      0x080085b1   Thumb Code   290  inv_mpu_dmp_motion_driver.o(.text)
    dmp_set_gyro_bias                        0x080086d3   Thumb Code   294  inv_mpu_dmp_motion_driver.o(.text)
    dmp_set_accel_bias                       0x080087f9   Thumb Code   300  inv_mpu_dmp_motion_driver.o(.text)
    dmp_set_fifo_rate                        0x08008925   Thumb Code   136  inv_mpu_dmp_motion_driver.o(.text)
    dmp_get_fifo_rate                        0x080089ad   Thumb Code    12  inv_mpu_dmp_motion_driver.o(.text)
    dmp_set_tap_thresh                       0x080089b9   Thumb Code   412  inv_mpu_dmp_motion_driver.o(.text)
    dmp_set_tap_axes                         0x08008b55   Thumb Code    70  inv_mpu_dmp_motion_driver.o(.text)
    dmp_set_tap_count                        0x08008b9b   Thumb Code    38  inv_mpu_dmp_motion_driver.o(.text)
    dmp_set_tap_time                         0x08008bc1   Thumb Code    38  inv_mpu_dmp_motion_driver.o(.text)
    dmp_set_tap_time_multi                   0x08008be7   Thumb Code    38  inv_mpu_dmp_motion_driver.o(.text)
    dmp_set_shake_reject_thresh              0x08008c0d   Thumb Code    56  inv_mpu_dmp_motion_driver.o(.text)
    dmp_set_shake_reject_time                0x08008c45   Thumb Code    38  inv_mpu_dmp_motion_driver.o(.text)
    dmp_set_shake_reject_timeout             0x08008c6b   Thumb Code    38  inv_mpu_dmp_motion_driver.o(.text)
    dmp_get_pedometer_step_count             0x08008c91   Thumb Code    66  inv_mpu_dmp_motion_driver.o(.text)
    dmp_set_pedometer_step_count             0x08008cd3   Thumb Code    42  inv_mpu_dmp_motion_driver.o(.text)
    dmp_get_pedometer_walk_time              0x08008cfd   Thumb Code    72  inv_mpu_dmp_motion_driver.o(.text)
    dmp_set_pedometer_walk_time              0x08008d45   Thumb Code    48  inv_mpu_dmp_motion_driver.o(.text)
    dmp_enable_6x_lp_quat                    0x08008d75   Thumb Code   100  inv_mpu_dmp_motion_driver.o(.text)
    dmp_enable_lp_quat                       0x08008dd9   Thumb Code    60  inv_mpu_dmp_motion_driver.o(.text)
    dmp_enable_gyro_cal                      0x08008e15   Thumb Code    62  inv_mpu_dmp_motion_driver.o(.text)
    dmp_enable_feature                       0x08008e53   Thumb Code   530  inv_mpu_dmp_motion_driver.o(.text)
    dmp_get_enabled_features                 0x08009065   Thumb Code    12  inv_mpu_dmp_motion_driver.o(.text)
    dmp_set_interrupt_mode                   0x080090cf   Thumb Code    66  inv_mpu_dmp_motion_driver.o(.text)
    dmp_read_fifo                            0x08009111   Thumb Code   514  inv_mpu_dmp_motion_driver.o(.text)
    dmp_register_tap_cb                      0x08009313   Thumb Code    10  inv_mpu_dmp_motion_driver.o(.text)
    dmp_register_android_orient_cb           0x0800931d   Thumb Code    10  inv_mpu_dmp_motion_driver.o(.text)
    Adc_Init                                 0x0800932d   Thumb Code   154  adc.o(.text)
    LMT70_Config                             0x080093c7   Thumb Code    48  adc.o(.text)
    Get_Adc                                  0x080093f7   Thumb Code    44  adc.o(.text)
    Get_Adc_Average                          0x08009423   Thumb Code    46  adc.o(.text)
    Get_Temprate                             0x08009451   Thumb Code   352  adc.o(.text)
    max30102_GPIO_Init                       0x080095f5   Thumb Code    44  max30102.o(.text)
    maxim_max30102_write_reg                 0x08009621   Thumb Code    74  max30102.o(.text)
    maxim_max30102_read_reg                  0x0800966b   Thumb Code    86  max30102.o(.text)
    maxim_max30102_init                      0x080096c1   Thumb Code   186  max30102.o(.text)
    maxim_max30102_read_fifo                 0x0800977b   Thumb Code   218  max30102.o(.text)
    maxim_max30102_reset                     0x08009855   Thumb Code    22  max30102.o(.text)
    maxim_sort_ascend                        0x08009871   Thumb Code    54  algorithm.o(.text)
    maxim_sort_indices_descend               0x080098a7   Thumb Code    64  algorithm.o(.text)
    maxim_remove_close_peaks                 0x080098e7   Thumb Code   114  algorithm.o(.text)
    maxim_peaks_above_min_height             0x08009959   Thumb Code   122  algorithm.o(.text)
    maxim_find_peaks                         0x080099d3   Thumb Code    66  algorithm.o(.text)
    maxim_heart_rate_and_oxygen_saturation   0x08009a15   Thumb Code  1270  algorithm.o(.text)
    IIC2_Init                                0x08009f15   Thumb Code    84  max_iic.o(.text)
    IIC2_Start                               0x08009f69   Thumb Code    68  max_iic.o(.text)
    IIC2_Stop                                0x08009fad   Thumb Code    62  max_iic.o(.text)
    IIC2_Wait_Ack                            0x08009feb   Thumb Code    82  max_iic.o(.text)
    IIC2_Ack                                 0x0800a03d   Thumb Code    66  max_iic.o(.text)
    IIC2_NAck                                0x0800a07f   Thumb Code    66  max_iic.o(.text)
    IIC2_Send_Byte                           0x0800a0c1   Thumb Code    90  max_iic.o(.text)
    IIC2_Read_Byte                           0x0800a11b   Thumb Code    94  max_iic.o(.text)
    delay_init                               0x0800a185   Thumb Code    52  delay.o(.text)
    delay_us                                 0x0800a1b9   Thumb Code    72  delay.o(.text)
    delay_xms                                0x0800a201   Thumb Code    72  delay.o(.text)
    delay_ms                                 0x0800a249   Thumb Code    56  delay.o(.text)
    _sys_exit                                0x0800a289   Thumb Code     4  usart.o(.text)
    fputc                                    0x0800a28d   Thumb Code    22  usart.o(.text)
    uart_init                                0x0800a2a3   Thumb Code   164  usart.o(.text)
    USART1_IRQHandler                        0x0800a347   Thumb Code   122  usart.o(.text)
    Reset_Handler                            0x0800a3d1   Thumb Code     8  startup_stm32f40_41xxx.o(.text)
    ADC_IRQHandler                           0x0800a3eb   Thumb Code     0  startup_stm32f40_41xxx.o(.text)
    CAN1_RX0_IRQHandler                      0x0800a3eb   Thumb Code     0  startup_stm32f40_41xxx.o(.text)
    CAN1_RX1_IRQHandler                      0x0800a3eb   Thumb Code     0  startup_stm32f40_41xxx.o(.text)
    CAN1_SCE_IRQHandler                      0x0800a3eb   Thumb Code     0  startup_stm32f40_41xxx.o(.text)
    CAN1_TX_IRQHandler                       0x0800a3eb   Thumb Code     0  startup_stm32f40_41xxx.o(.text)
    CAN2_RX0_IRQHandler                      0x0800a3eb   Thumb Code     0  startup_stm32f40_41xxx.o(.text)
    CAN2_RX1_IRQHandler                      0x0800a3eb   Thumb Code     0  startup_stm32f40_41xxx.o(.text)
    CAN2_SCE_IRQHandler                      0x0800a3eb   Thumb Code     0  startup_stm32f40_41xxx.o(.text)
    CAN2_TX_IRQHandler                       0x0800a3eb   Thumb Code     0  startup_stm32f40_41xxx.o(.text)
    CRYP_IRQHandler                          0x0800a3eb   Thumb Code     0  startup_stm32f40_41xxx.o(.text)
    DCMI_IRQHandler                          0x0800a3eb   Thumb Code     0  startup_stm32f40_41xxx.o(.text)
    DMA1_Stream0_IRQHandler                  0x0800a3eb   Thumb Code     0  startup_stm32f40_41xxx.o(.text)
    DMA1_Stream1_IRQHandler                  0x0800a3eb   Thumb Code     0  startup_stm32f40_41xxx.o(.text)
    DMA1_Stream2_IRQHandler                  0x0800a3eb   Thumb Code     0  startup_stm32f40_41xxx.o(.text)
    DMA1_Stream3_IRQHandler                  0x0800a3eb   Thumb Code     0  startup_stm32f40_41xxx.o(.text)
    DMA1_Stream4_IRQHandler                  0x0800a3eb   Thumb Code     0  startup_stm32f40_41xxx.o(.text)
    DMA1_Stream5_IRQHandler                  0x0800a3eb   Thumb Code     0  startup_stm32f40_41xxx.o(.text)
    DMA1_Stream6_IRQHandler                  0x0800a3eb   Thumb Code     0  startup_stm32f40_41xxx.o(.text)
    DMA1_Stream7_IRQHandler                  0x0800a3eb   Thumb Code     0  startup_stm32f40_41xxx.o(.text)
    DMA2_Stream0_IRQHandler                  0x0800a3eb   Thumb Code     0  startup_stm32f40_41xxx.o(.text)
    DMA2_Stream1_IRQHandler                  0x0800a3eb   Thumb Code     0  startup_stm32f40_41xxx.o(.text)
    DMA2_Stream2_IRQHandler                  0x0800a3eb   Thumb Code     0  startup_stm32f40_41xxx.o(.text)
    DMA2_Stream3_IRQHandler                  0x0800a3eb   Thumb Code     0  startup_stm32f40_41xxx.o(.text)
    DMA2_Stream4_IRQHandler                  0x0800a3eb   Thumb Code     0  startup_stm32f40_41xxx.o(.text)
    DMA2_Stream5_IRQHandler                  0x0800a3eb   Thumb Code     0  startup_stm32f40_41xxx.o(.text)
    DMA2_Stream6_IRQHandler                  0x0800a3eb   Thumb Code     0  startup_stm32f40_41xxx.o(.text)
    DMA2_Stream7_IRQHandler                  0x0800a3eb   Thumb Code     0  startup_stm32f40_41xxx.o(.text)
    ETH_IRQHandler                           0x0800a3eb   Thumb Code     0  startup_stm32f40_41xxx.o(.text)
    ETH_WKUP_IRQHandler                      0x0800a3eb   Thumb Code     0  startup_stm32f40_41xxx.o(.text)
    EXTI0_IRQHandler                         0x0800a3eb   Thumb Code     0  startup_stm32f40_41xxx.o(.text)
    EXTI15_10_IRQHandler                     0x0800a3eb   Thumb Code     0  startup_stm32f40_41xxx.o(.text)
    EXTI1_IRQHandler                         0x0800a3eb   Thumb Code     0  startup_stm32f40_41xxx.o(.text)
    EXTI2_IRQHandler                         0x0800a3eb   Thumb Code     0  startup_stm32f40_41xxx.o(.text)
    EXTI3_IRQHandler                         0x0800a3eb   Thumb Code     0  startup_stm32f40_41xxx.o(.text)
    EXTI4_IRQHandler                         0x0800a3eb   Thumb Code     0  startup_stm32f40_41xxx.o(.text)
    FLASH_IRQHandler                         0x0800a3eb   Thumb Code     0  startup_stm32f40_41xxx.o(.text)
    FPU_IRQHandler                           0x0800a3eb   Thumb Code     0  startup_stm32f40_41xxx.o(.text)
    FSMC_IRQHandler                          0x0800a3eb   Thumb Code     0  startup_stm32f40_41xxx.o(.text)
    HASH_RNG_IRQHandler                      0x0800a3eb   Thumb Code     0  startup_stm32f40_41xxx.o(.text)
    I2C1_ER_IRQHandler                       0x0800a3eb   Thumb Code     0  startup_stm32f40_41xxx.o(.text)
    I2C1_EV_IRQHandler                       0x0800a3eb   Thumb Code     0  startup_stm32f40_41xxx.o(.text)
    I2C2_ER_IRQHandler                       0x0800a3eb   Thumb Code     0  startup_stm32f40_41xxx.o(.text)
    I2C2_EV_IRQHandler                       0x0800a3eb   Thumb Code     0  startup_stm32f40_41xxx.o(.text)
    I2C3_ER_IRQHandler                       0x0800a3eb   Thumb Code     0  startup_stm32f40_41xxx.o(.text)
    I2C3_EV_IRQHandler                       0x0800a3eb   Thumb Code     0  startup_stm32f40_41xxx.o(.text)
    OTG_FS_IRQHandler                        0x0800a3eb   Thumb Code     0  startup_stm32f40_41xxx.o(.text)
    OTG_FS_WKUP_IRQHandler                   0x0800a3eb   Thumb Code     0  startup_stm32f40_41xxx.o(.text)
    OTG_HS_EP1_IN_IRQHandler                 0x0800a3eb   Thumb Code     0  startup_stm32f40_41xxx.o(.text)
    OTG_HS_EP1_OUT_IRQHandler                0x0800a3eb   Thumb Code     0  startup_stm32f40_41xxx.o(.text)
    OTG_HS_IRQHandler                        0x0800a3eb   Thumb Code     0  startup_stm32f40_41xxx.o(.text)
    OTG_HS_WKUP_IRQHandler                   0x0800a3eb   Thumb Code     0  startup_stm32f40_41xxx.o(.text)
    PVD_IRQHandler                           0x0800a3eb   Thumb Code     0  startup_stm32f40_41xxx.o(.text)
    RCC_IRQHandler                           0x0800a3eb   Thumb Code     0  startup_stm32f40_41xxx.o(.text)
    RTC_Alarm_IRQHandler                     0x0800a3eb   Thumb Code     0  startup_stm32f40_41xxx.o(.text)
    RTC_WKUP_IRQHandler                      0x0800a3eb   Thumb Code     0  startup_stm32f40_41xxx.o(.text)
    SDIO_IRQHandler                          0x0800a3eb   Thumb Code     0  startup_stm32f40_41xxx.o(.text)
    SPI1_IRQHandler                          0x0800a3eb   Thumb Code     0  startup_stm32f40_41xxx.o(.text)
    SPI2_IRQHandler                          0x0800a3eb   Thumb Code     0  startup_stm32f40_41xxx.o(.text)
    SPI3_IRQHandler                          0x0800a3eb   Thumb Code     0  startup_stm32f40_41xxx.o(.text)
    TAMP_STAMP_IRQHandler                    0x0800a3eb   Thumb Code     0  startup_stm32f40_41xxx.o(.text)
    TIM1_BRK_TIM9_IRQHandler                 0x0800a3eb   Thumb Code     0  startup_stm32f40_41xxx.o(.text)
    TIM1_CC_IRQHandler                       0x0800a3eb   Thumb Code     0  startup_stm32f40_41xxx.o(.text)
    TIM1_TRG_COM_TIM11_IRQHandler            0x0800a3eb   Thumb Code     0  startup_stm32f40_41xxx.o(.text)
    TIM1_UP_TIM10_IRQHandler                 0x0800a3eb   Thumb Code     0  startup_stm32f40_41xxx.o(.text)
    TIM2_IRQHandler                          0x0800a3eb   Thumb Code     0  startup_stm32f40_41xxx.o(.text)
    TIM3_IRQHandler                          0x0800a3eb   Thumb Code     0  startup_stm32f40_41xxx.o(.text)
    TIM4_IRQHandler                          0x0800a3eb   Thumb Code     0  startup_stm32f40_41xxx.o(.text)
    TIM5_IRQHandler                          0x0800a3eb   Thumb Code     0  startup_stm32f40_41xxx.o(.text)
    TIM6_DAC_IRQHandler                      0x0800a3eb   Thumb Code     0  startup_stm32f40_41xxx.o(.text)
    TIM7_IRQHandler                          0x0800a3eb   Thumb Code     0  startup_stm32f40_41xxx.o(.text)
    TIM8_BRK_TIM12_IRQHandler                0x0800a3eb   Thumb Code     0  startup_stm32f40_41xxx.o(.text)
    TIM8_CC_IRQHandler                       0x0800a3eb   Thumb Code     0  startup_stm32f40_41xxx.o(.text)
    TIM8_TRG_COM_TIM14_IRQHandler            0x0800a3eb   Thumb Code     0  startup_stm32f40_41xxx.o(.text)
    TIM8_UP_TIM13_IRQHandler                 0x0800a3eb   Thumb Code     0  startup_stm32f40_41xxx.o(.text)
    UART4_IRQHandler                         0x0800a3eb   Thumb Code     0  startup_stm32f40_41xxx.o(.text)
    UART5_IRQHandler                         0x0800a3eb   Thumb Code     0  startup_stm32f40_41xxx.o(.text)
    USART2_IRQHandler                        0x0800a3eb   Thumb Code     0  startup_stm32f40_41xxx.o(.text)
    USART3_IRQHandler                        0x0800a3eb   Thumb Code     0  startup_stm32f40_41xxx.o(.text)
    USART6_IRQHandler                        0x0800a3eb   Thumb Code     0  startup_stm32f40_41xxx.o(.text)
    WWDG_IRQHandler                          0x0800a3eb   Thumb Code     0  startup_stm32f40_41xxx.o(.text)
    NVIC_PriorityGroupConfig                 0x0800a3f5   Thumb Code    10  misc.o(.text)
    NVIC_Init                                0x0800a3ff   Thumb Code   106  misc.o(.text)
    NVIC_SetVectorTable                      0x0800a469   Thumb Code    14  misc.o(.text)
    NVIC_SystemLPConfig                      0x0800a477   Thumb Code    34  misc.o(.text)
    SysTick_CLKSourceConfig                  0x0800a499   Thumb Code    40  misc.o(.text)
    GPIO_DeInit                              0x0800a4d5   Thumb Code   268  stm32f4xx_gpio.o(.text)
    GPIO_Init                                0x0800a5e1   Thumb Code   144  stm32f4xx_gpio.o(.text)
    GPIO_StructInit                          0x0800a671   Thumb Code    18  stm32f4xx_gpio.o(.text)
    GPIO_PinLockConfig                       0x0800a683   Thumb Code    34  stm32f4xx_gpio.o(.text)
    GPIO_ReadInputDataBit                    0x0800a6a5   Thumb Code    18  stm32f4xx_gpio.o(.text)
    GPIO_ReadInputData                       0x0800a6b7   Thumb Code     8  stm32f4xx_gpio.o(.text)
    GPIO_ReadOutputDataBit                   0x0800a6bf   Thumb Code    18  stm32f4xx_gpio.o(.text)
    GPIO_ReadOutputData                      0x0800a6d1   Thumb Code     8  stm32f4xx_gpio.o(.text)
    GPIO_SetBits                             0x0800a6d9   Thumb Code     4  stm32f4xx_gpio.o(.text)
    GPIO_ResetBits                           0x0800a6dd   Thumb Code     4  stm32f4xx_gpio.o(.text)
    GPIO_WriteBit                            0x0800a6e1   Thumb Code    10  stm32f4xx_gpio.o(.text)
    GPIO_Write                               0x0800a6eb   Thumb Code     4  stm32f4xx_gpio.o(.text)
    GPIO_ToggleBits                          0x0800a6ef   Thumb Code     8  stm32f4xx_gpio.o(.text)
    GPIO_PinAFConfig                         0x0800a6f7   Thumb Code    70  stm32f4xx_gpio.o(.text)
    FSMC_NORSRAMDeInit                       0x0800a769   Thumb Code    54  stm32f4xx_fsmc.o(.text)
    FSMC_NORSRAMInit                         0x0800a79f   Thumb Code   230  stm32f4xx_fsmc.o(.text)
    FSMC_NORSRAMStructInit                   0x0800a885   Thumb Code    48  stm32f4xx_fsmc.o(.text)
    FSMC_NORSRAMCmd                          0x0800a8b5   Thumb Code    46  stm32f4xx_fsmc.o(.text)
    FSMC_NANDDeInit                          0x0800a8e3   Thumb Code    62  stm32f4xx_fsmc.o(.text)
    FSMC_NANDInit                            0x0800a921   Thumb Code   132  stm32f4xx_fsmc.o(.text)
    FSMC_NANDStructInit                      0x0800a9a5   Thumb Code    54  stm32f4xx_fsmc.o(.text)
    FSMC_NANDCmd                             0x0800a9db   Thumb Code    86  stm32f4xx_fsmc.o(.text)
    FSMC_NANDECCCmd                          0x0800aa31   Thumb Code    86  stm32f4xx_fsmc.o(.text)
    FSMC_GetECC                              0x0800aa87   Thumb Code    24  stm32f4xx_fsmc.o(.text)
    FSMC_PCCARDDeInit                        0x0800aa9f   Thumb Code    36  stm32f4xx_fsmc.o(.text)
    FSMC_PCCARDInit                          0x0800aac3   Thumb Code   130  stm32f4xx_fsmc.o(.text)
    FSMC_PCCARDStructInit                    0x0800ab45   Thumb Code    60  stm32f4xx_fsmc.o(.text)
    FSMC_PCCARDCmd                           0x0800ab81   Thumb Code    44  stm32f4xx_fsmc.o(.text)
    FSMC_ITConfig                            0x0800abad   Thumb Code   128  stm32f4xx_fsmc.o(.text)
    FSMC_GetFlagStatus                       0x0800ac2d   Thumb Code    54  stm32f4xx_fsmc.o(.text)
    FSMC_ClearFlag                           0x0800ac63   Thumb Code    74  stm32f4xx_fsmc.o(.text)
    FSMC_GetITStatus                         0x0800acad   Thumb Code    62  stm32f4xx_fsmc.o(.text)
    FSMC_ClearITPendingBit                   0x0800aceb   Thumb Code    66  stm32f4xx_fsmc.o(.text)
    RCC_DeInit                               0x0800ad31   Thumb Code    82  stm32f4xx_rcc.o(.text)
    RCC_HSEConfig                            0x0800ad83   Thumb Code    14  stm32f4xx_rcc.o(.text)
    RCC_GetFlagStatus                        0x0800ad91   Thumb Code    60  stm32f4xx_rcc.o(.text)
    RCC_WaitForHSEStartUp                    0x0800adcd   Thumb Code    56  stm32f4xx_rcc.o(.text)
    RCC_AdjustHSICalibrationValue            0x0800ae05   Thumb Code    20  stm32f4xx_rcc.o(.text)
    RCC_HSICmd                               0x0800ae19   Thumb Code     6  stm32f4xx_rcc.o(.text)
    RCC_LSEConfig                            0x0800ae1f   Thumb Code    46  stm32f4xx_rcc.o(.text)
    RCC_LSICmd                               0x0800ae4d   Thumb Code     6  stm32f4xx_rcc.o(.text)
    RCC_PLLConfig                            0x0800ae53   Thumb Code    32  stm32f4xx_rcc.o(.text)
    RCC_PLLCmd                               0x0800ae73   Thumb Code     6  stm32f4xx_rcc.o(.text)
    RCC_PLLI2SConfig                         0x0800ae79   Thumb Code    14  stm32f4xx_rcc.o(.text)
    RCC_PLLI2SCmd                            0x0800ae87   Thumb Code     6  stm32f4xx_rcc.o(.text)
    RCC_PLLSAIConfig                         0x0800ae8d   Thumb Code    20  stm32f4xx_rcc.o(.text)
    RCC_PLLSAICmd                            0x0800aea1   Thumb Code     6  stm32f4xx_rcc.o(.text)
    RCC_ClockSecuritySystemCmd               0x0800aea7   Thumb Code     6  stm32f4xx_rcc.o(.text)
    RCC_MCO1Config                           0x0800aead   Thumb Code    28  stm32f4xx_rcc.o(.text)
    RCC_MCO2Config                           0x0800aec9   Thumb Code    28  stm32f4xx_rcc.o(.text)
    RCC_SYSCLKConfig                         0x0800aee5   Thumb Code    20  stm32f4xx_rcc.o(.text)
    RCC_GetSYSCLKSource                      0x0800aef9   Thumb Code    12  stm32f4xx_rcc.o(.text)
    RCC_HCLKConfig                           0x0800af05   Thumb Code    20  stm32f4xx_rcc.o(.text)
    RCC_PCLK1Config                          0x0800af19   Thumb Code    20  stm32f4xx_rcc.o(.text)
    RCC_PCLK2Config                          0x0800af2d   Thumb Code    22  stm32f4xx_rcc.o(.text)
    RCC_GetClocksFreq                        0x0800af43   Thumb Code   222  stm32f4xx_rcc.o(.text)
    RCC_RTCCLKConfig                         0x0800b021   Thumb Code    54  stm32f4xx_rcc.o(.text)
    RCC_RTCCLKCmd                            0x0800b057   Thumb Code     8  stm32f4xx_rcc.o(.text)
    RCC_BackupResetCmd                       0x0800b05f   Thumb Code     8  stm32f4xx_rcc.o(.text)
    RCC_I2SCLKConfig                         0x0800b067   Thumb Code     6  stm32f4xx_rcc.o(.text)
    RCC_SAIPLLI2SClkDivConfig                0x0800b06d   Thumb Code    26  stm32f4xx_rcc.o(.text)
    RCC_SAIPLLSAIClkDivConfig                0x0800b087   Thumb Code    28  stm32f4xx_rcc.o(.text)
    RCC_SAIBlockACLKConfig                   0x0800b0a3   Thumb Code    20  stm32f4xx_rcc.o(.text)
    RCC_SAIBlockBCLKConfig                   0x0800b0b7   Thumb Code    20  stm32f4xx_rcc.o(.text)
    RCC_LTDCCLKDivConfig                     0x0800b0cb   Thumb Code    20  stm32f4xx_rcc.o(.text)
    RCC_TIMCLKPresConfig                     0x0800b0df   Thumb Code     6  stm32f4xx_rcc.o(.text)
    RCC_AHB1PeriphClockCmd                   0x0800b0e5   Thumb Code    34  stm32f4xx_rcc.o(.text)
    RCC_AHB2PeriphClockCmd                   0x0800b107   Thumb Code    78  stm32f4xx_rcc.o(.text)
    RCC_AHB3PeriphClockCmd                   0x0800b155   Thumb Code    34  stm32f4xx_rcc.o(.text)
    RCC_APB1PeriphClockCmd                   0x0800b177   Thumb Code    34  stm32f4xx_rcc.o(.text)
    RCC_APB2PeriphClockCmd                   0x0800b199   Thumb Code    34  stm32f4xx_rcc.o(.text)
    RCC_AHB1PeriphResetCmd                   0x0800b1bb   Thumb Code    34  stm32f4xx_rcc.o(.text)
    RCC_AHB2PeriphResetCmd                   0x0800b1dd   Thumb Code    34  stm32f4xx_rcc.o(.text)
    RCC_AHB3PeriphResetCmd                   0x0800b1ff   Thumb Code    34  stm32f4xx_rcc.o(.text)
    RCC_APB1PeriphResetCmd                   0x0800b221   Thumb Code    34  stm32f4xx_rcc.o(.text)
    RCC_APB2PeriphResetCmd                   0x0800b243   Thumb Code    34  stm32f4xx_rcc.o(.text)
    RCC_AHB1PeriphClockLPModeCmd             0x0800b265   Thumb Code    34  stm32f4xx_rcc.o(.text)
    RCC_AHB2PeriphClockLPModeCmd             0x0800b287   Thumb Code    34  stm32f4xx_rcc.o(.text)
    RCC_AHB3PeriphClockLPModeCmd             0x0800b2a9   Thumb Code    34  stm32f4xx_rcc.o(.text)
    RCC_APB1PeriphClockLPModeCmd             0x0800b2cb   Thumb Code    34  stm32f4xx_rcc.o(.text)
    RCC_APB2PeriphClockLPModeCmd             0x0800b2ed   Thumb Code    34  stm32f4xx_rcc.o(.text)
    RCC_LSEModeConfig                        0x0800b30f   Thumb Code    40  stm32f4xx_rcc.o(.text)
    RCC_ITConfig                             0x0800b337   Thumb Code    34  stm32f4xx_rcc.o(.text)
    RCC_ClearFlag                            0x0800b359   Thumb Code    18  stm32f4xx_rcc.o(.text)
    RCC_GetITStatus                          0x0800b36b   Thumb Code    22  stm32f4xx_rcc.o(.text)
    RCC_ClearITPendingBit                    0x0800b381   Thumb Code     8  stm32f4xx_rcc.o(.text)
    SPI_I2S_DeInit                           0x0800b38d   Thumb Code   152  stm32f4xx_spi.o(.text)
    SPI_Init                                 0x0800b425   Thumb Code    60  stm32f4xx_spi.o(.text)
    I2S_Init                                 0x0800b461   Thumb Code   396  stm32f4xx_spi.o(.text)
    SPI_StructInit                           0x0800b5ed   Thumb Code    24  stm32f4xx_spi.o(.text)
    I2S_StructInit                           0x0800b605   Thumb Code    20  stm32f4xx_spi.o(.text)
    SPI_Cmd                                  0x0800b619   Thumb Code    24  stm32f4xx_spi.o(.text)
    I2S_Cmd                                  0x0800b631   Thumb Code    24  stm32f4xx_spi.o(.text)
    SPI_DataSizeConfig                       0x0800b649   Thumb Code    18  stm32f4xx_spi.o(.text)
    SPI_BiDirectionalLineConfig              0x0800b65b   Thumb Code    28  stm32f4xx_spi.o(.text)
    SPI_NSSInternalSoftwareConfig            0x0800b677   Thumb Code    30  stm32f4xx_spi.o(.text)
    SPI_SSOutputCmd                          0x0800b695   Thumb Code    24  stm32f4xx_spi.o(.text)
    SPI_TIModeCmd                            0x0800b6ad   Thumb Code    24  stm32f4xx_spi.o(.text)
    I2S_FullDuplexConfig                     0x0800b6c5   Thumb Code    80  stm32f4xx_spi.o(.text)
    SPI_I2S_ReceiveData                      0x0800b715   Thumb Code     6  stm32f4xx_spi.o(.text)
    SPI_I2S_SendData                         0x0800b71b   Thumb Code     4  stm32f4xx_spi.o(.text)
    SPI_CalculateCRC                         0x0800b71f   Thumb Code    24  stm32f4xx_spi.o(.text)
    SPI_TransmitCRC                          0x0800b737   Thumb Code    10  stm32f4xx_spi.o(.text)
    SPI_GetCRC                               0x0800b741   Thumb Code    16  stm32f4xx_spi.o(.text)
    SPI_GetCRCPolynomial                     0x0800b751   Thumb Code     6  stm32f4xx_spi.o(.text)
    SPI_I2S_DMACmd                           0x0800b757   Thumb Code    18  stm32f4xx_spi.o(.text)
    SPI_I2S_ITConfig                         0x0800b769   Thumb Code    68  stm32f4xx_spi.o(.text)
    SPI_I2S_GetFlagStatus                    0x0800b7ad   Thumb Code    18  stm32f4xx_spi.o(.text)
    SPI_I2S_ClearFlag                        0x0800b7bf   Thumb Code     6  stm32f4xx_spi.o(.text)
    SPI_I2S_GetITStatus                      0x0800b7c5   Thumb Code    52  stm32f4xx_spi.o(.text)
    SPI_I2S_ClearITPendingBit                0x0800b7f9   Thumb Code    20  stm32f4xx_spi.o(.text)
    SYSCFG_DeInit                            0x0800b80d   Thumb Code    22  stm32f4xx_syscfg.o(.text)
    SYSCFG_MemoryRemapConfig                 0x0800b823   Thumb Code     6  stm32f4xx_syscfg.o(.text)
    SYSCFG_MemorySwappingBank                0x0800b829   Thumb Code     6  stm32f4xx_syscfg.o(.text)
    SYSCFG_EXTILineConfig                    0x0800b82f   Thumb Code    66  stm32f4xx_syscfg.o(.text)
    SYSCFG_ETH_MediaInterfaceConfig          0x0800b871   Thumb Code     8  stm32f4xx_syscfg.o(.text)
    SYSCFG_CompensationCellCmd               0x0800b879   Thumb Code     6  stm32f4xx_syscfg.o(.text)
    SYSCFG_GetCompensationCellStatus         0x0800b87f   Thumb Code    22  stm32f4xx_syscfg.o(.text)
    USART_DeInit                             0x0800b8a1   Thumb Code   206  stm32f4xx_usart.o(.text)
    USART_Init                               0x0800b96f   Thumb Code   204  stm32f4xx_usart.o(.text)
    USART_StructInit                         0x0800ba3b   Thumb Code    24  stm32f4xx_usart.o(.text)
    USART_ClockInit                          0x0800ba53   Thumb Code    32  stm32f4xx_usart.o(.text)
    USART_ClockStructInit                    0x0800ba73   Thumb Code    12  stm32f4xx_usart.o(.text)
    USART_Cmd                                0x0800ba7f   Thumb Code    24  stm32f4xx_usart.o(.text)
    USART_SetPrescaler                       0x0800ba97   Thumb Code    16  stm32f4xx_usart.o(.text)
    USART_OverSampling8Cmd                   0x0800baa7   Thumb Code    22  stm32f4xx_usart.o(.text)
    USART_OneBitMethodCmd                    0x0800babd   Thumb Code    24  stm32f4xx_usart.o(.text)
    USART_SendData                           0x0800bad5   Thumb Code     8  stm32f4xx_usart.o(.text)
    USART_ReceiveData                        0x0800badd   Thumb Code    10  stm32f4xx_usart.o(.text)
    USART_SetAddress                         0x0800bae7   Thumb Code    18  stm32f4xx_usart.o(.text)
    USART_ReceiverWakeUpCmd                  0x0800baf9   Thumb Code    24  stm32f4xx_usart.o(.text)
    USART_WakeUpConfig                       0x0800bb11   Thumb Code    18  stm32f4xx_usart.o(.text)
    USART_LINBreakDetectLengthConfig         0x0800bb23   Thumb Code    18  stm32f4xx_usart.o(.text)
    USART_LINCmd                             0x0800bb35   Thumb Code    24  stm32f4xx_usart.o(.text)
    USART_SendBreak                          0x0800bb4d   Thumb Code    10  stm32f4xx_usart.o(.text)
    USART_HalfDuplexCmd                      0x0800bb57   Thumb Code    24  stm32f4xx_usart.o(.text)
    USART_SetGuardTime                       0x0800bb6f   Thumb Code    16  stm32f4xx_usart.o(.text)
    USART_SmartCardCmd                       0x0800bb7f   Thumb Code    24  stm32f4xx_usart.o(.text)
    USART_SmartCardNACKCmd                   0x0800bb97   Thumb Code    24  stm32f4xx_usart.o(.text)
    USART_IrDAConfig                         0x0800bbaf   Thumb Code    18  stm32f4xx_usart.o(.text)
    USART_IrDACmd                            0x0800bbc1   Thumb Code    24  stm32f4xx_usart.o(.text)
    USART_DMACmd                             0x0800bbd9   Thumb Code    18  stm32f4xx_usart.o(.text)
    USART_ITConfig                           0x0800bbeb   Thumb Code    74  stm32f4xx_usart.o(.text)
    USART_GetFlagStatus                      0x0800bc35   Thumb Code    26  stm32f4xx_usart.o(.text)
    USART_ClearFlag                          0x0800bc4f   Thumb Code    18  stm32f4xx_usart.o(.text)
    USART_GetITStatus                        0x0800bc61   Thumb Code   118  stm32f4xx_usart.o(.text)
    USART_ClearITPendingBit                  0x0800bcd7   Thumb Code    30  stm32f4xx_usart.o(.text)
    EXTI_DeInit                              0x0800bcf5   Thumb Code    28  stm32f4xx_exti.o(.text)
    EXTI_Init                                0x0800bd11   Thumb Code   142  stm32f4xx_exti.o(.text)
    EXTI_StructInit                          0x0800bd9f   Thumb Code    16  stm32f4xx_exti.o(.text)
    EXTI_GenerateSWInterrupt                 0x0800bdaf   Thumb Code    16  stm32f4xx_exti.o(.text)
    EXTI_GetFlagStatus                       0x0800bdbf   Thumb Code    22  stm32f4xx_exti.o(.text)
    EXTI_ClearFlag                           0x0800bdd5   Thumb Code     8  stm32f4xx_exti.o(.text)
    EXTI_GetITStatus                         0x0800bddd   Thumb Code    22  stm32f4xx_exti.o(.text)
    EXTI_ClearITPendingBit                   0x0800bdf3   Thumb Code     8  stm32f4xx_exti.o(.text)
    ADC_DeInit                               0x0800be05   Thumb Code    22  stm32f4xx_adc.o(.text)
    ADC_Init                                 0x0800be1b   Thumb Code    74  stm32f4xx_adc.o(.text)
    ADC_StructInit                           0x0800be65   Thumb Code    20  stm32f4xx_adc.o(.text)
    ADC_CommonInit                           0x0800be79   Thumb Code    34  stm32f4xx_adc.o(.text)
    ADC_CommonStructInit                     0x0800be9b   Thumb Code    12  stm32f4xx_adc.o(.text)
    ADC_Cmd                                  0x0800bea7   Thumb Code    22  stm32f4xx_adc.o(.text)
    ADC_AnalogWatchdogCmd                    0x0800bebd   Thumb Code    16  stm32f4xx_adc.o(.text)
    ADC_AnalogWatchdogThresholdsConfig       0x0800becd   Thumb Code     6  stm32f4xx_adc.o(.text)
    ADC_AnalogWatchdogSingleChannelConfig    0x0800bed3   Thumb Code    16  stm32f4xx_adc.o(.text)
    ADC_TempSensorVrefintCmd                 0x0800bee3   Thumb Code    34  stm32f4xx_adc.o(.text)
    ADC_VBATCmd                              0x0800bf05   Thumb Code    34  stm32f4xx_adc.o(.text)
    ADC_RegularChannelConfig                 0x0800bf27   Thumb Code   184  stm32f4xx_adc.o(.text)
    ADC_SoftwareStartConv                    0x0800bfdf   Thumb Code    10  stm32f4xx_adc.o(.text)
    ADC_GetSoftwareStartConvStatus           0x0800bfe9   Thumb Code    20  stm32f4xx_adc.o(.text)
    ADC_EOCOnEachRegularChannelCmd           0x0800bffd   Thumb Code    22  stm32f4xx_adc.o(.text)
    ADC_ContinuousModeCmd                    0x0800c013   Thumb Code    22  stm32f4xx_adc.o(.text)
    ADC_DiscModeChannelCountConfig           0x0800c029   Thumb Code    24  stm32f4xx_adc.o(.text)
    ADC_DiscModeCmd                          0x0800c041   Thumb Code    22  stm32f4xx_adc.o(.text)
    ADC_GetConversionValue                   0x0800c057   Thumb Code     8  stm32f4xx_adc.o(.text)
    ADC_GetMultiModeConversionValue          0x0800c05f   Thumb Code     8  stm32f4xx_adc.o(.text)
    ADC_DMACmd                               0x0800c067   Thumb Code    22  stm32f4xx_adc.o(.text)
    ADC_DMARequestAfterLastTransferCmd       0x0800c07d   Thumb Code    22  stm32f4xx_adc.o(.text)
    ADC_MultiModeDMARequestAfterLastTransferCmd 0x0800c093   Thumb Code    34  stm32f4xx_adc.o(.text)
    ADC_InjectedChannelConfig                0x0800c0b5   Thumb Code   130  stm32f4xx_adc.o(.text)
    ADC_InjectedSequencerLengthConfig        0x0800c137   Thumb Code    24  stm32f4xx_adc.o(.text)
    ADC_SetInjectedOffset                    0x0800c14f   Thumb Code    20  stm32f4xx_adc.o(.text)
    ADC_ExternalTrigInjectedConvConfig       0x0800c163   Thumb Code    16  stm32f4xx_adc.o(.text)
    ADC_ExternalTrigInjectedConvEdgeConfig   0x0800c173   Thumb Code    16  stm32f4xx_adc.o(.text)
    ADC_SoftwareStartInjectedConv            0x0800c183   Thumb Code    10  stm32f4xx_adc.o(.text)
    ADC_GetSoftwareStartInjectedConvCmdStatus 0x0800c18d   Thumb Code    20  stm32f4xx_adc.o(.text)
    ADC_AutoInjectedConvCmd                  0x0800c1a1   Thumb Code    22  stm32f4xx_adc.o(.text)
    ADC_InjectedDiscModeCmd                  0x0800c1b7   Thumb Code    22  stm32f4xx_adc.o(.text)
    ADC_GetInjectedConversionValue           0x0800c1cd   Thumb Code    28  stm32f4xx_adc.o(.text)
    ADC_ITConfig                             0x0800c1e9   Thumb Code    56  stm32f4xx_adc.o(.text)
    ADC_GetFlagStatus                        0x0800c221   Thumb Code    18  stm32f4xx_adc.o(.text)
    ADC_ClearFlag                            0x0800c233   Thumb Code     6  stm32f4xx_adc.o(.text)
    ADC_GetITStatus                          0x0800c239   Thumb Code    38  stm32f4xx_adc.o(.text)
    ADC_ClearITPendingBit                    0x0800c25f   Thumb Code    10  stm32f4xx_adc.o(.text)
    arm_fir_f32                              0x0800c269   Thumb Code  1330  arm_fir_f32.o(.text)
    arm_fir_init_f32                         0x0800c79b   Thumb Code    28  arm_fir_init_f32.o(.text)
    __aeabi_ldivmod                          0x0800c7b7   Thumb Code    98  ldiv.o(.text)
    __aeabi_memset                           0x0800c819   Thumb Code    14  memseta.o(.text)
    __aeabi_memset4                          0x0800c819   Thumb Code     0  memseta.o(.text)
    __aeabi_memset8                          0x0800c819   Thumb Code     0  memseta.o(.text)
    __aeabi_memclr                           0x0800c827   Thumb Code     4  memseta.o(.text)
    __aeabi_memclr4                          0x0800c827   Thumb Code     0  memseta.o(.text)
    __aeabi_memclr8                          0x0800c827   Thumb Code     0  memseta.o(.text)
    _memset$wrapper                          0x0800c82b   Thumb Code    18  memseta.o(.text)
    memcmp                                   0x0800c83d   Thumb Code    26  memcmp.o(.text)
    __aeabi_dadd                             0x0800c857   Thumb Code   322  dadd.o(.text)
    __aeabi_dsub                             0x0800c999   Thumb Code     6  dadd.o(.text)
    __aeabi_drsub                            0x0800c99f   Thumb Code     6  dadd.o(.text)
    __aeabi_dmul                             0x0800c9a5   Thumb Code   228  dmul.o(.text)
    __aeabi_ddiv                             0x0800ca89   Thumb Code   222  ddiv.o(.text)
    __aeabi_i2d                              0x0800cb67   Thumb Code    34  dflti.o(.text)
    __aeabi_ui2d                             0x0800cb89   Thumb Code    26  dfltui.o(.text)
    __aeabi_d2iz                             0x0800cba3   Thumb Code    62  dfixi.o(.text)
    __aeabi_d2uiz                            0x0800cbe1   Thumb Code    50  dfixui.o(.text)
    __aeabi_f2d                              0x0800cc13   Thumb Code    38  f2d.o(.text)
    __aeabi_d2f                              0x0800cc39   Thumb Code    56  d2f.o(.text)
    __aeabi_uidiv                            0x0800cc71   Thumb Code     0  uidiv.o(.text)
    __aeabi_uidivmod                         0x0800cc71   Thumb Code    44  uidiv.o(.text)
    __aeabi_uldivmod                         0x0800cc9d   Thumb Code    98  uldiv.o(.text)
    __aeabi_llsl                             0x0800ccff   Thumb Code    30  llshl.o(.text)
    _ll_shift_l                              0x0800ccff   Thumb Code     0  llshl.o(.text)
    __aeabi_llsr                             0x0800cd1d   Thumb Code    32  llushr.o(.text)
    _ll_ushift_r                             0x0800cd1d   Thumb Code     0  llushr.o(.text)
    __aeabi_lasr                             0x0800cd3d   Thumb Code    36  llsshr.o(.text)
    _ll_sshift_r                             0x0800cd3d   Thumb Code     0  llsshr.o(.text)
    __I$use$fp                               0x0800cd61   Thumb Code     0  iusefp.o(.text)
    _float_round                             0x0800cd61   Thumb Code    18  fepilogue.o(.text)
    _float_epilogue                          0x0800cd73   Thumb Code    92  fepilogue.o(.text)
    _double_round                            0x0800cdcf   Thumb Code    30  depilogue.o(.text)
    _double_epilogue                         0x0800cded   Thumb Code   156  depilogue.o(.text)
    __aeabi_d2ulz                            0x0800ce89   Thumb Code    48  dfixul.o(.text)
    __aeabi_cdrcmple                         0x0800ceb9   Thumb Code    48  cdrcmple.o(.text)
    __scatterload                            0x0800cee9   Thumb Code    28  init.o(.text)
    __scatterload_rt2                        0x0800cee9   Thumb Code     0  init.o(.text)
    _dsqrt                                   0x0800cf0d   Thumb Code   162  dsqrt.o(.text)
    __decompress                             0x0800cfaf   Thumb Code     0  __dclz77c.o(.text)
    __decompress2                            0x0800cfaf   Thumb Code    94  __dclz77c.o(.text)
    __0printf                                0x0800d00d   Thumb Code    22  printfa.o(i.__0printf)
    __1printf                                0x0800d00d   Thumb Code     0  printfa.o(i.__0printf)
    __2printf                                0x0800d00d   Thumb Code     0  printfa.o(i.__0printf)
    __c89printf                              0x0800d00d   Thumb Code     0  printfa.o(i.__0printf)
    printf                                   0x0800d00d   Thumb Code     0  printfa.o(i.__0printf)
    __ARM_fpclassify                         0x0800d02d   Thumb Code    48  fpclassify.o(i.__ARM_fpclassify)
    __hardfp_asin                            0x0800d061   Thumb Code   770  asin.o(i.__hardfp_asin)
    __hardfp_atan                            0x0800d3c1   Thumb Code   622  atan.o(i.__hardfp_atan)
    __hardfp_atan2                           0x0800d699   Thumb Code   432  atan2.o(i.__hardfp_atan2)
    __kernel_poly                            0x0800d889   Thumb Code   248  poly.o(i.__kernel_poly)
    __mathlib_dbl_infnan                     0x0800d981   Thumb Code    20  dunder.o(i.__mathlib_dbl_infnan)
    __mathlib_dbl_infnan2                    0x0800d995   Thumb Code    20  dunder.o(i.__mathlib_dbl_infnan2)
    __mathlib_dbl_invalid                    0x0800d9a9   Thumb Code    24  dunder.o(i.__mathlib_dbl_invalid)
    __mathlib_dbl_underflow                  0x0800d9c9   Thumb Code    24  dunder.o(i.__mathlib_dbl_underflow)
    __scatterload_copy                       0x0800d9e9   Thumb Code    14  handlers.o(i.__scatterload_copy)
    __scatterload_null                       0x0800d9f7   Thumb Code     2  handlers.o(i.__scatterload_null)
    __scatterload_zeroinit                   0x0800d9f9   Thumb Code    14  handlers.o(i.__scatterload_zeroinit)
    __set_errno                              0x0800da09   Thumb Code     6  errno.o(i.__set_errno)
    atan                                     0x0800e2a7   Thumb Code    16  atan.o(i.atan)
    fabs                                     0x0800e2b7   Thumb Code    24  fabs.o(i.fabs)
    sqrt                                     0x0800e2cf   Thumb Code   110  sqrt_full.o(i.sqrt)
    BPF_5Hz_40Hz                             0x0800e33c   Data         516  main.o(.constdata)
    LPF_2Hz                                  0x0800e540   Data         516  main.o(.constdata)
    asc2_1206                                0x0800e74c   Data        1140  lcd.o(.constdata)
    asc2_1608                                0x0800ebc0   Data        1520  lcd.o(.constdata)
    asc2_2412                                0x0800f1b0   Data        3420  lcd.o(.constdata)
    reg                                      0x0800ff0c   Data          27  inv_mpu.o(.constdata)
    hw                                       0x0800ff28   Data          12  inv_mpu.o(.constdata)
    test                                     0x0800ff34   Data          40  inv_mpu.o(.constdata)
    auw_hamm                                 0x08010b52   Data          62  algorithm.o(.constdata)
    uch_spo2_table                           0x08010b90   Data         184  algorithm.o(.constdata)
    FSMC_DefaultTimingStruct                 0x08010c48   Data          28  stm32f4xx_fsmc.o(.constdata)
    __mathlib_zero                           0x08010d50   Data           8  qnan.o(.constdata)
    Region$$Table$$Base                      0x08010da8   Number         0  anon$$obj.o(Region$$Table)
    Region$$Table$$Limit                     0x08010dc8   Number         0  anon$$obj.o(Region$$Table)
    blockSize                                0x20000000   Data           4  main.o(.data)
    numBlocks                                0x20000004   Data           4  main.o(.data)
    Input_data1                              0x20000008   Data           4  main.o(.data)
    Output_data1                             0x2000000c   Data           4  main.o(.data)
    Input_data2                              0x20000010   Data           4  main.o(.data)
    Output_data2                             0x20000014   Data           4  main.o(.data)
    i                                        0x20000018   Data           2  main.o(.data)
    ch1_data                                 0x2000001c   Data           4  main.o(.data)
    ch2_data                                 0x20000020   Data           4  main.o(.data)
    flog                                     0x20000024   Data           1  main.o(.data)
    point_cnt                                0x20000026   Data           2  main.o(.data)
    n_ir_buffer_length                       0x20000028   Data           4  main.o(.data)
    n_sp02                                   0x2000002c   Data           4  main.o(.data)
    ch_spo2_valid                            0x20000030   Data           1  main.o(.data)
    n_heart_rate                             0x20000034   Data           4  main.o(.data)
    ch_hr_valid                              0x20000038   Data           1  main.o(.data)
    uch_dummy                                0x20000039   Data           1  main.o(.data)
    BPM                                      0x2000003c   Data           4  main.o(.data)
    s                                        0x20000040   Data        1680  main.o(.data)
    SystemCoreClock                          0x200006d0   Data           4  system_stm32f4xx.o(.data)
    AHBPrescTable                            0x200006d4   Data          16  system_stm32f4xx.o(.data)
    POINT_COLOR                              0x200006e4   Data           2  lcd.o(.data)
    BACK_COLOR                               0x200006e6   Data           2  lcd.o(.data)
    __stdout                                 0x20000724   Data           4  usart.o(.data)
    USART_RX_STA                             0x20000728   Data           2  usart.o(.data)
    firState1                                0x20000740   Data         516  main.o(.bss)
    firState2                                0x20000944   Data         516  main.o(.bss)
    aun_ir_buffer                            0x20000b48   Data         200  main.o(.bss)
    aun_red_buffer                           0x20000c10   Data         200  main.o(.bss)
    lcddev                                   0x20000cd8   Data          14  lcd.o(.bss)
    USART_RX_BUF                             0x20002458   Data         200  usart.o(.bss)
    __initial_sp                             0x20002920   Data           0  startup_stm32f40_41xxx.o(STACK)



==============================================================================

Memory Map of the image

  Image Entry point : 0x08000189

  Load Region LR_IROM1 (Base: 0x08000000, Size: 0x00011508, Max: 0x00100000, ABSOLUTE, COMPRESSED[0x00011114])

    Execution Region ER_IROM1 (Base: 0x08000000, Size: 0x00010dc8, Max: 0x00100000, ABSOLUTE)

    Base Addr    Size         Type   Attr      Idx    E Section Name        Object

    0x08000000   0x00000188   Data   RO          680    RESET               startup_stm32f40_41xxx.o
    0x08000188   0x00000000   Code   RO          969  * .ARM.Collect$$$$00000000  mc_w.l(entry.o)
    0x08000188   0x00000004   Code   RO         1308    .ARM.Collect$$$$00000001  mc_w.l(entry2.o)
    0x0800018c   0x00000004   Code   RO         1311    .ARM.Collect$$$$00000004  mc_w.l(entry5.o)
    0x08000190   0x00000000   Code   RO         1313    .ARM.Collect$$$$00000008  mc_w.l(entry7b.o)
    0x08000190   0x00000000   Code   RO         1315    .ARM.Collect$$$$0000000A  mc_w.l(entry8b.o)
    0x08000190   0x00000008   Code   RO         1316    .ARM.Collect$$$$0000000B  mc_w.l(entry9a.o)
    0x08000198   0x00000000   Code   RO         1318    .ARM.Collect$$$$0000000D  mc_w.l(entry10a.o)
    0x08000198   0x00000000   Code   RO         1320    .ARM.Collect$$$$0000000F  mc_w.l(entry11a.o)
    0x08000198   0x00000004   Code   RO         1309    .ARM.Collect$$$$00002712  mc_w.l(entry2.o)
    0x0800019c   0x000007ec   Code   RO            3    .text               main.o
    0x08000988   0x0000001a   Code   RO          206    .text               stm32f4xx_it.o
    0x080009a2   0x00000002   PAD
    0x080009a4   0x00000210   Code   RO          255    .text               system_stm32f4xx.o
    0x08000bb4   0x00000040   Code   RO          281    .text               led.o
    0x08000bf4   0x00000124   Code   RO          322    .text               spi.o
    0x08000d18   0x0000025c   Code   RO          342    .text               ads1292.o
    0x08000f74   0x00000108   Code   RO          362    .text               exti.o
    0x0800107c   0x0000025c   Code   RO          383    .text               myiic.o
    0x080012d8   0x00004c80   Code   RO          403    .text               lcd.o
    0x08005f58   0x00000384   Code   RO          441    .text               mpu6050.o
    0x080062dc   0x000022c0   Code   RO          461    .text               inv_mpu.o
    0x0800859c   0x00000d90   Code   RO          493    .text               inv_mpu_dmp_motion_driver.o
    0x0800932c   0x000002c8   Code   RO          522    .text               adc.o
    0x080095f4   0x0000027c   Code   RO          542    .text               max30102.o
    0x08009870   0x000006a4   Code   RO          562    .text               algorithm.o
    0x08009f14   0x00000270   Code   RO          589    .text               max_iic.o
    0x0800a184   0x00000104   Code   RO          609    .text               delay.o
    0x0800a288   0x00000148   Code   RO          649    .text               usart.o
    0x0800a3d0   0x00000024   Code   RO          681    .text               startup_stm32f40_41xxx.o
    0x0800a3f4   0x000000e0   Code   RO          687    .text               misc.o
    0x0800a4d4   0x00000294   Code   RO          707    .text               stm32f4xx_gpio.o
    0x0800a768   0x000005c8   Code   RO          727    .text               stm32f4xx_fsmc.o
    0x0800ad30   0x0000065c   Code   RO          750    .text               stm32f4xx_rcc.o
    0x0800b38c   0x00000480   Code   RO          772    .text               stm32f4xx_spi.o
    0x0800b80c   0x00000094   Code   RO          792    .text               stm32f4xx_syscfg.o
    0x0800b8a0   0x00000454   Code   RO          812    .text               stm32f4xx_usart.o
    0x0800bcf4   0x00000110   Code   RO          832    .text               stm32f4xx_exti.o
    0x0800be04   0x00000464   Code   RO          852    .text               stm32f4xx_adc.o
    0x0800c268   0x00000532   Code   RO          873    .text               arm_cortexM4lf_math.lib(arm_fir_f32.o)
    0x0800c79a   0x0000001c   Code   RO          922    .text               arm_cortexM4lf_math.lib(arm_fir_init_f32.o)
    0x0800c7b6   0x00000062   Code   RO          972    .text               mc_w.l(ldiv.o)
    0x0800c818   0x00000024   Code   RO          974    .text               mc_w.l(memseta.o)
    0x0800c83c   0x0000001a   Code   RO          976    .text               mc_w.l(memcmp.o)
    0x0800c856   0x0000014e   Code   RO         1239    .text               mf_w.l(dadd.o)
    0x0800c9a4   0x000000e4   Code   RO         1241    .text               mf_w.l(dmul.o)
    0x0800ca88   0x000000de   Code   RO         1243    .text               mf_w.l(ddiv.o)
    0x0800cb66   0x00000022   Code   RO         1245    .text               mf_w.l(dflti.o)
    0x0800cb88   0x0000001a   Code   RO         1247    .text               mf_w.l(dfltui.o)
    0x0800cba2   0x0000003e   Code   RO         1249    .text               mf_w.l(dfixi.o)
    0x0800cbe0   0x00000032   Code   RO         1251    .text               mf_w.l(dfixui.o)
    0x0800cc12   0x00000026   Code   RO         1253    .text               mf_w.l(f2d.o)
    0x0800cc38   0x00000038   Code   RO         1255    .text               mf_w.l(d2f.o)
    0x0800cc70   0x0000002c   Code   RO         1322    .text               mc_w.l(uidiv.o)
    0x0800cc9c   0x00000062   Code   RO         1324    .text               mc_w.l(uldiv.o)
    0x0800ccfe   0x0000001e   Code   RO         1326    .text               mc_w.l(llshl.o)
    0x0800cd1c   0x00000020   Code   RO         1328    .text               mc_w.l(llushr.o)
    0x0800cd3c   0x00000024   Code   RO         1330    .text               mc_w.l(llsshr.o)
    0x0800cd60   0x00000000   Code   RO         1339    .text               mc_w.l(iusefp.o)
    0x0800cd60   0x0000006e   Code   RO         1340    .text               mf_w.l(fepilogue.o)
    0x0800cdce   0x000000ba   Code   RO         1342    .text               mf_w.l(depilogue.o)
    0x0800ce88   0x00000030   Code   RO         1346    .text               mf_w.l(dfixul.o)
    0x0800ceb8   0x00000030   Code   RO         1348    .text               mf_w.l(cdrcmple.o)
    0x0800cee8   0x00000024   Code   RO         1350    .text               mc_w.l(init.o)
    0x0800cf0c   0x000000a2   Code   RO         1352    .text               mf_w.l(dsqrt.o)
    0x0800cfae   0x0000005e   Code   RO         1364    .text               mc_w.l(__dclz77c.o)
    0x0800d00c   0x00000020   Code   RO         1211    i.__0printf         mc_w.l(printfa.o)
    0x0800d02c   0x00000030   Code   RO         1291    i.__ARM_fpclassify  m_wm.l(fpclassify.o)
    0x0800d05c   0x00000004   PAD
    0x0800d060   0x00000360   Code   RO          943    i.__hardfp_asin     m_wm.l(asin.o)
    0x0800d3c0   0x000002d8   Code   RO         1257    i.__hardfp_atan     m_wm.l(atan.o)
    0x0800d698   0x000001f0   Code   RO          957    i.__hardfp_atan2    m_wm.l(atan2.o)
    0x0800d888   0x000000f8   Code   RO         1293    i.__kernel_poly     m_wm.l(poly.o)
    0x0800d980   0x00000014   Code   RO         1272    i.__mathlib_dbl_infnan  m_wm.l(dunder.o)
    0x0800d994   0x00000014   Code   RO         1273    i.__mathlib_dbl_infnan2  m_wm.l(dunder.o)
    0x0800d9a8   0x00000020   Code   RO         1274    i.__mathlib_dbl_invalid  m_wm.l(dunder.o)
    0x0800d9c8   0x00000020   Code   RO         1277    i.__mathlib_dbl_underflow  m_wm.l(dunder.o)
    0x0800d9e8   0x0000000e   Code   RO         1358    i.__scatterload_copy  mc_w.l(handlers.o)
    0x0800d9f6   0x00000002   Code   RO         1359    i.__scatterload_null  mc_w.l(handlers.o)
    0x0800d9f8   0x0000000e   Code   RO         1360    i.__scatterload_zeroinit  mc_w.l(handlers.o)
    0x0800da06   0x00000002   PAD
    0x0800da08   0x0000000c   Code   RO         1334    i.__set_errno       mc_w.l(errno.o)
    0x0800da14   0x00000164   Code   RO         1218    i._fp_digits        mc_w.l(printfa.o)
    0x0800db78   0x000006dc   Code   RO         1219    i._printf_core      mc_w.l(printfa.o)
    0x0800e254   0x00000024   Code   RO         1220    i._printf_post_padding  mc_w.l(printfa.o)
    0x0800e278   0x0000002e   Code   RO         1221    i._printf_pre_padding  mc_w.l(printfa.o)
    0x0800e2a6   0x00000010   Code   RO         1259    i.atan              m_wm.l(atan.o)
    0x0800e2b6   0x00000018   Code   RO         1287    i.fabs              m_wm.l(fabs.o)
    0x0800e2ce   0x0000006e   Code   RO         1298    i.sqrt              m_wm.l(sqrt_full.o)
    0x0800e33c   0x00000410   Data   RO            5    .constdata          main.o
    0x0800e74c   0x000017c0   Data   RO          405    .constdata          lcd.o
    0x0800ff0c   0x00000050   Data   RO          462    .constdata          inv_mpu.o
    0x0800ff5c   0x00000bf6   Data   RO          495    .constdata          inv_mpu_dmp_motion_driver.o
    0x08010b52   0x000000f6   Data   RO          564    .constdata          algorithm.o
    0x08010c48   0x0000001c   Data   RO          728    .constdata          stm32f4xx_fsmc.o
    0x08010c64   0x00000004   PAD
    0x08010c68   0x00000050   Data   RO          946    .constdata          m_wm.l(asin.o)
    0x08010cb8   0x00000098   Data   RO         1260    .constdata          m_wm.l(atan.o)
    0x08010d50   0x00000008   Data   RO         1295    .constdata          m_wm.l(qnan.o)
    0x08010d58   0x0000004d   Data   RO          463    .conststring        inv_mpu.o
    0x08010da5   0x00000003   PAD
    0x08010da8   0x00000020   Data   RO         1356    Region$$Table       anon$$obj.o


    Execution Region RW_IRAM1 (Base: 0x20000000, Size: 0x00002920, Max: 0x00020000, ABSOLUTE, COMPRESSED[0x0000034c])

    Base Addr    Size         Type   Attr      Idx    E Section Name        Object

    0x20000000   0x000006d0   Data   RW            6    .data               main.o
    0x200006d0   0x00000014   Data   RW          256    .data               system_stm32f4xx.o
    0x200006e4   0x00000004   Data   RW          406    .data               lcd.o
    0x200006e8   0x00000035   Data   RW          464    .data               inv_mpu.o
    0x2000071d   0x00000001   PAD
    0x2000071e   0x00000004   Data   RW          610    .data               delay.o
    0x20000722   0x00000002   PAD
    0x20000724   0x00000006   Data   RW          651    .data               usart.o
    0x2000072a   0x00000010   Data   RW          751    .data               stm32f4xx_rcc.o
    0x2000073a   0x00000002   PAD
    0x2000073c   0x00000004   Data   RW         1335    .data               mc_w.l(errno.o)
    0x20000740   0x00000598   Zero   RW            4    .bss                main.o
    0x20000cd8   0x0000000e   Zero   RW          404    .bss                lcd.o
    0x20000ce6   0x00000002   PAD
    0x20000ce8   0x00000010   Zero   RW          494    .bss                inv_mpu_dmp_motion_driver.o
    0x20000cf8   0x00001760   Zero   RW          563    .bss                algorithm.o
    0x20002458   0x000000c8   Zero   RW          650    .bss                usart.o
    0x20002520   0x00000400   Zero   RW          678    STACK               startup_stm32f40_41xxx.o


==============================================================================

Image component sizes


      Code (inc. data)   RO Data    RW Data    ZI Data      Debug   Object Name

       712         68          0          0          0       1733   adc.o
       604         16          0          0          0       1988   ads1292.o
      1700         32        246          0       5984       5523   algorithm.o
       260          8          0          4          0       1425   delay.o
       264         18          0          0          0       1027   exti.o
      8896        222        157         53          0      23817   inv_mpu.o
      3472        142       3062          0         16      15187   inv_mpu_dmp_motion_driver.o
     19584        174       6080          4         14      22234   lcd.o
        64          4          0          0          0        519   led.o
      2028        366       1040       1744       1432     311199   main.o
       636          6          0          0          0       2936   max30102.o
       624         12          0          0          0       1932   max_iic.o
       224         20          0          0          0       1805   misc.o
       900         22          0          0          0       4239   mpu6050.o
       604         14          0          0          0       1892   myiic.o
       292         10          0          0          0       1215   spi.o
        36          8        392          0       1024        820   startup_stm32f40_41xxx.o
      1124         24          0          0          0      10482   stm32f4xx_adc.o
       272         10          0          0          0       2251   stm32f4xx_exti.o
      1480         18         28          0          0       5598   stm32f4xx_fsmc.o
       660         44          0          0          0       4081   stm32f4xx_gpio.o
        26          0          0          0          0       1218   stm32f4xx_it.o
      1628         52          0         16          0      12864   stm32f4xx_rcc.o
      1152         36          0          0          0       6833   stm32f4xx_spi.o
       148         12          0          0          0       1837   stm32f4xx_syscfg.o
      1108         34          0          0          0       7784   stm32f4xx_usart.o
       528         46          0         20          0       1759   system_stm32f4xx.o
       328         16          0          6        200       3270   usart.o

    ----------------------------------------------------------------------
     49356       1434      11044       1852       8672     457468   Object Totals
         0          0         32          0          0          0   (incl. Generated)
         2          0          7          5          2          0   (incl. Padding)

    ----------------------------------------------------------------------

      Code (inc. data)   RO Data    RW Data    ZI Data      Debug   Library Member Name

      1330          6          0          0          0      19258   arm_fir_f32.o
        28          0          0          0          0        919   arm_fir_init_f32.o
       864         94         80          0          0        280   asin.o
       744        106        152          0          0        352   atan.o
       496         64          0          0          0        192   atan2.o
       104         16          0          0          0        496   dunder.o
        24          0          0          0          0        124   fabs.o
        48          0          0          0          0        124   fpclassify.o
       248          0          0          0          0        152   poly.o
         0          0          8          0          0          0   qnan.o
       110          0          0          0          0        148   sqrt_full.o
        94          0          0          0          0          0   __dclz77c.o
         0          0          0          0          0          0   entry.o
         0          0          0          0          0          0   entry10a.o
         0          0          0          0          0          0   entry11a.o
         8          4          0          0          0          0   entry2.o
         4          0          0          0          0          0   entry5.o
         0          0          0          0          0          0   entry7b.o
         0          0          0          0          0          0   entry8b.o
         8          4          0          0          0          0   entry9a.o
        12          6          0          4          0         68   errno.o
        30          0          0          0          0          0   handlers.o
        36          8          0          0          0         68   init.o
         0          0          0          0          0          0   iusefp.o
        98          0          0          0          0         84   ldiv.o
        30          0          0          0          0         68   llshl.o
        36          0          0          0          0         68   llsshr.o
        32          0          0          0          0         68   llushr.o
        26          0          0          0          0         80   memcmp.o
        36          0          0          0          0        108   memseta.o
      2226         90          0          0          0        444   printfa.o
        44          0          0          0          0         80   uidiv.o
        98          0          0          0          0         92   uldiv.o
        48          0          0          0          0         68   cdrcmple.o
        56          0          0          0          0         88   d2f.o
       334          0          0          0          0        148   dadd.o
       222          0          0          0          0        100   ddiv.o
       186          0          0          0          0        176   depilogue.o
        62          0          0          0          0         80   dfixi.o
        50          0          0          0          0         76   dfixui.o
        48          0          0          0          0         68   dfixul.o
        34          0          0          0          0         76   dflti.o
        26          0          0          0          0         76   dfltui.o
       228          0          0          0          0         96   dmul.o
       162          0          0          0          0        100   dsqrt.o
        38          0          0          0          0         68   f2d.o
       110          0          0          0          0        168   fepilogue.o

    ----------------------------------------------------------------------
      8424        398        240          4          0      24661   Library Totals
         6          0          0          0          0          0   (incl. Padding)

    ----------------------------------------------------------------------

      Code (inc. data)   RO Data    RW Data    ZI Data      Debug   Library Name

      1358          6          0          0          0      20177   arm_cortexM4lf_math.lib
      2638        280        240          0          0       1868   m_wm.l
      2818        112          0          4          0       1228   mc_w.l
      1604          0          0          0          0       1388   mf_w.l

    ----------------------------------------------------------------------
      8424        398        240          4          0      24661   Library Totals

    ----------------------------------------------------------------------

==============================================================================


      Code (inc. data)   RO Data    RW Data    ZI Data      Debug   

     57780       1832      11284       1856       8672     474061   Grand Totals
     57780       1832      11284        844       8672     474061   ELF Image Totals (compressed)
     57780       1832      11284        844          0          0   ROM Totals

==============================================================================

    Total RO  Size (Code + RO Data)                69064 (  67.45kB)
    Total RW  Size (RW Data + ZI Data)             10528 (  10.28kB)
    Total ROM Size (Code + RO Data + RW Data)      69908 (  68.27kB)

==============================================================================

